Component: ARM Compiler 5.06 update 6 (build 750) Tool: armlink [4d35ed]

==============================================================================

Section Cross References

    main.o(i.main) refers to bsp.o(i.bspInit) for bspInit
    main.o(i.main) refers to bsp_buzzer.o(i.bspBeepEnable) for bspBeepEnable
    main.o(i.main) refers to bsp_led.o(i.bspLedFlash) for bspLedFlash
    main.o(i.main) refers to stm32f4xx_tim.o(i.TIM_Cmd) for TIM_Cmd
    main.o(i.main) refers to bsp_sgp30.o(i.bsp_sgp30_test) for bsp_sgp30_test
    main.o(i.main) refers to printfa.o(i.__0printf) for __2printf
    main.o(i.main) refers to printfa.o(i.__0sprintf) for __2sprintf
    main.o(i.main) refers to bsp_oled.o(i.OLED_ShowString) for OLED_ShowString
    main.o(i.main) refers to bsp_dhtxx.o(i.DHTxx_Get_Data) for DHTxx_Get_Data
    main.o(i.main) refers to main.o(.data) for g_ucStateFlag
    main.o(i.main) refers to bsp_sgp30.o(.data) for g_ucTable
    main.o(i.main) refers to main.o(.bss) for g_uctStr
    system_stm32f4xx.o(i.SystemCoreClockUpdate) refers to system_stm32f4xx.o(.data) for SystemCoreClock
    system_stm32f4xx.o(i.SystemInit) refers to system_stm32f4xx.o(i.SetSysClock) for SetSysClock
    bsp.o(i.bspInit) refers to delay.o(i.delay_init) for delay_init
    bsp.o(i.bspInit) refers to bsp_led.o(i.bspLedInit) for bspLedInit
    bsp.o(i.bspInit) refers to eventrecorder.o(i.EventRecorderInitialize) for EventRecorderInitialize
    bsp.o(i.bspInit) refers to eventrecorder.o(i.EventRecorderStart) for EventRecorderStart
    bsp.o(i.bspInit) refers to bsp_timer.o(i.TIM3_Int_Init) for TIM3_Int_Init
    bsp.o(i.bspInit) refers to bsp_dhtxx.o(i.vDhtxx_Init) for vDhtxx_Init
    bsp.o(i.bspInit) refers to bsp_oled.o(i.OLED_Init) for OLED_Init
    bsp.o(i.bspInit) refers to bsp_buzzer.o(i.bspBuzzerInit) for bspBuzzerInit
    bsp.o(i.bspInit) refers to bsp_buzzer.o(i.bspBuzzerFreq) for bspBuzzerFreq
    bsp.o(i.bspInit) refers to bsp_sgp30.o(i.bsp_sgp30_io_init) for bsp_sgp30_io_init
    bsp_dhtxx.o(i.DHTxx_Action) refers to bsp_dhtxx.o(i.vDHTxx_Start) for vDHTxx_Start
    bsp_dhtxx.o(i.DHTxx_Action) refers to bsp_dhtxx.o(i.uDHTxx_Answer) for uDHTxx_Answer
    bsp_dhtxx.o(i.DHTxx_Action) refers to bsp_dhtxx.o(i.uRead_Byte) for uRead_Byte
    bsp_dhtxx.o(i.DHTxx_Get_Data) refers to bsp_dhtxx.o(i.DHTxx_Action) for DHTxx_Action
    bsp_dhtxx.o(i.DHTxx_Get_Data) refers to dflti.o(.text) for __aeabi_i2d
    bsp_dhtxx.o(i.DHTxx_Get_Data) refers to ddiv.o(.text) for __aeabi_ddiv
    bsp_dhtxx.o(i.DHTxx_Get_Data) refers to bsp_dhtxx.o(.data) for g_dhtxx_table
    bsp_dhtxx.o(i.Io_Init) refers to stm32f4xx_rcc.o(i.RCC_AHB1PeriphClockCmd) for RCC_AHB1PeriphClockCmd
    bsp_dhtxx.o(i.Io_Init) refers to stm32f4xx_gpio.o(i.GPIO_Init) for GPIO_Init
    bsp_dhtxx.o(i.Io_Init) refers to stm32f4xx_gpio.o(i.GPIO_SetBits) for GPIO_SetBits
    bsp_dhtxx.o(i.uDHTxx_Answer) refers to bsp_dhtxx.o(i.vSetIoState) for vSetIoState
    bsp_dhtxx.o(i.uDHTxx_Answer) refers to delay.o(i.delay_us) for delay_us
    bsp_dhtxx.o(i.uRead_Byte) refers to delay.o(i.delay_us) for delay_us
    bsp_dhtxx.o(i.vDHTxx_Start) refers to bsp_dhtxx.o(i.vSetIoState) for vSetIoState
    bsp_dhtxx.o(i.vDHTxx_Start) refers to delay.o(i.delay_us) for delay_us
    bsp_dhtxx.o(i.vDhtxx_Init) refers to bsp_dhtxx.o(i.Io_Init) for Io_Init
    bsp_dhtxx.o(i.vInstability_Period) refers to delay.o(i.delay_ms) for delay_ms
    bsp_adc.o(i.Adc_Init) refers to stm32f4xx_rcc.o(i.RCC_AHB1PeriphClockCmd) for RCC_AHB1PeriphClockCmd
    bsp_adc.o(i.Adc_Init) refers to stm32f4xx_rcc.o(i.RCC_APB2PeriphClockCmd) for RCC_APB2PeriphClockCmd
    bsp_adc.o(i.Adc_Init) refers to stm32f4xx_gpio.o(i.GPIO_Init) for GPIO_Init
    bsp_adc.o(i.Adc_Init) refers to stm32f4xx_rcc.o(i.RCC_APB2PeriphResetCmd) for RCC_APB2PeriphResetCmd
    bsp_adc.o(i.Adc_Init) refers to stm32f4xx_adc.o(i.ADC_CommonInit) for ADC_CommonInit
    bsp_adc.o(i.Adc_Init) refers to stm32f4xx_adc.o(i.ADC_Init) for ADC_Init
    bsp_adc.o(i.Adc_Init) refers to stm32f4xx_adc.o(i.ADC_Cmd) for ADC_Cmd
    bsp_adc.o(i.Get_Adc) refers to stm32f4xx_adc.o(i.ADC_RegularChannelConfig) for ADC_RegularChannelConfig
    bsp_adc.o(i.Get_Adc) refers to stm32f4xx_adc.o(i.ADC_SoftwareStartConv) for ADC_SoftwareStartConv
    bsp_adc.o(i.Get_Adc) refers to stm32f4xx_adc.o(i.ADC_GetFlagStatus) for ADC_GetFlagStatus
    bsp_adc.o(i.Get_Adc) refers to stm32f4xx_adc.o(i.ADC_GetConversionValue) for ADC_GetConversionValue
    bsp_adc.o(i.Get_Adc_Average) refers to bsp_adc.o(i.Get_Adc) for Get_Adc
    bsp_adc.o(i.Get_Adc_Average) refers to delay.o(i.delay_ms) for delay_ms
    bsp_buzzer.o(i.bspBeepDisable) refers to bsp_buzzer.o(.bss) for tBuzzer
    bsp_buzzer.o(i.bspBeepEnable) refers to bsp_buzzer.o(.bss) for tBuzzer
    bsp_buzzer.o(i.bspBeepHandler) refers to bsp_buzzer.o(i.bspBuzzerFlash) for bspBuzzerFlash
    bsp_buzzer.o(i.bspBeepHandler) refers to bsp_buzzer.o(.bss) for tBuzzer
    bsp_buzzer.o(i.bspBuzzerFreq) refers to bsp_buzzer.o(.bss) for tBuzzer
[...]
    Removing eventrecorder.o(i.EventRecorderClockUpdate), (44 bytes).
    Removing eventrecorder.o(i.EventRecorderDisable), (92 bytes).
    Removing eventrecorder.o(i.EventRecorderStop), (48 bytes).
    Removing retarget_io.o(i.__aeabi_assert), (156 bytes).
    Removing retarget_io.o(i.__backspace), (8 bytes).
    Removing retarget_io.o(i.abort), (4 bytes).
    Removing retarget_io.o(i.fgetc), (8 bytes).

310 unused section(s) (total 10777 bytes) removed from the image.

==============================================================================

Image Symbol Table

    Local Symbols

    Symbol Name                              Value     Ov Type        Size  Object(Section)

    ../clib/../cmprslib/zerorunl2.c          0x00000000   Number         0  __dczerorl2.o ABSOLUTE
    ../clib/microlib/division.c              0x00000000   Number         0  uidiv.o ABSOLUTE
    ../clib/microlib/division.c              0x00000000   Number         0  uldiv.o ABSOLUTE
    ../clib/microlib/init/entry.s            0x00000000   Number         0  entry5.o ABSOLUTE
    ../clib/microlib/init/entry.s            0x00000000   Number         0  entry2.o ABSOLUTE
    ../clib/microlib/init/entry.s            0x00000000   Number         0  entry.o ABSOLUTE
    ../clib/microlib/init/entry.s            0x00000000   Number         0  entry8b.o ABSOLUTE
    ../clib/microlib/init/entry.s            0x00000000   Number         0  entry11b.o ABSOLUTE
    ../clib/microlib/init/entry.s            0x00000000   Number         0  entry11a.o ABSOLUTE
    ../clib/microlib/init/entry.s            0x00000000   Number         0  entry10b.o ABSOLUTE
    ../clib/microlib/init/entry.s            0x00000000   Number         0  entry10a.o ABSOLUTE
    ../clib/microlib/init/entry.s            0x00000000   Number         0  entry9b.o ABSOLUTE
    ../clib/microlib/init/entry.s            0x00000000   Number         0  entry9a.o ABSOLUTE
    ../clib/microlib/init/entry.s            0x00000000   Number         0  entry8a.o ABSOLUTE
    ../clib/microlib/init/entry.s            0x00000000   Number         0  entry7b.o ABSOLUTE
    ../clib/microlib/init/entry.s            0x00000000   Number         0  entry7a.o ABSOLUTE
    ../clib/microlib/longlong.c              0x00000000   Number         0  llsshr.o ABSOLUTE
    ../clib/microlib/longlong.c              0x00000000   Number         0  llushr.o ABSOLUTE
    ../clib/microlib/longlong.c              0x00000000   Number         0  llshl.o ABSOLUTE
    ../clib/microlib/printf/printf.c         0x00000000   Number         0  printf3.o ABSOLUTE
    ../clib/microlib/printf/printf.c         0x00000000   Number         0  printf1.o ABSOLUTE
    ../clib/microlib/printf/printf.c         0x00000000   Number         0  printfa.o ABSOLUTE
    ../clib/microlib/printf/printf.c         0x00000000   Number         0  printf0.o ABSOLUTE
    ../clib/microlib/printf/printf.c         0x00000000   Number         0  printf2.o ABSOLUTE
    ../clib/microlib/printf/printf.c         0x00000000   Number         0  printf8.o ABSOLUTE
    ../clib/microlib/printf/printf.c         0x00000000   Number         0  printf7.o ABSOLUTE
    ../clib/microlib/printf/printf.c         0x00000000   Number         0  printf6.o ABSOLUTE
    ../clib/microlib/printf/printf.c         0x00000000   Number         0  printf5.o ABSOLUTE
    ../clib/microlib/printf/printf.c         0x00000000   Number         0  printfb.o ABSOLUTE
    ../clib/microlib/printf/printf.c         0x00000000   Number         0  printf4.o ABSOLUTE
    ../clib/microlib/printf/stubs.s          0x00000000   Number         0  stubs.o ABSOLUTE
    ../clib/microlib/stdio/fputs.c           0x00000000   Number         0  fputs.o ABSOLUTE
    ../clib/microlib/stdio/fputs.c           0x00000000   Number         0  fputs_e.o ABSOLUTE
    ../clib/microlib/stdio/streams.c         0x00000000   Number         0  stdout.o ABSOLUTE
    ../clib/microlib/stdio/streams.c         0x00000000   Number         0  stderr.o ABSOLUTE
    ../clib/microlib/string/memcpy.c         0x00000000   Number         0  memcpyb.o ABSOLUTE
    ../clib/microlib/string/memcpy.c         0x00000000   Number         0  memcpya.o ABSOLUTE
    ../clib/microlib/string/memset.c         0x00000000   Number         0  memseta.o ABSOLUTE
    ../clib/microlib/stubs.s                 0x00000000   Number         0  iusefp.o ABSOLUTE
    ../fplib/microlib/fpadd.c                0x00000000   Number         0  dadd.o ABSOLUTE
    ../fplib/microlib/fpdiv.c                0x00000000   Number         0  ddiv.o ABSOLUTE
    ../fplib/microlib/fpepilogue.c           0x00000000   Number         0  depilogue.o ABSOLUTE
    ../fplib/microlib/fpfix.c                0x00000000   Number         0  dfixul.o ABSOLUTE
    ../fplib/microlib/fpflt.c                0x00000000   Number         0  dflti.o ABSOLUTE
    ../fplib/microlib/fpmul.c                0x00000000   Number         0  dmul.o ABSOLUTE
    ..\BSP\Src\CRC.c                         0x00000000   Number         0  crc.o ABSOLUTE
    ..\BSP\Src\bsp_adc.c                     0x00000000   Number         0  bsp_adc.o ABSOLUTE
    ..\BSP\Src\bsp_buzzer.c                  0x00000000   Number         0  bsp_buzzer.o ABSOLUTE
    ..\BSP\Src\bsp_dhtxx.c                   0x00000000   Number         0  bsp_dhtxx.o ABSOLUTE
    ..\BSP\Src\bsp_led.c                     0x00000000   Number         0  bsp_led.o ABSOLUTE
    ..\BSP\Src\bsp_oled.c                    0x00000000   Number         0  bsp_oled.o ABSOLUTE
    ..\BSP\Src\bsp_sgp30.c                   0x00000000   Number         0  bsp_sgp30.o ABSOLUTE
    ..\BSP\Src\bsp_swi2c.c                   0x00000000   Number         0  bsp_swi2c.o ABSOLUTE
    ..\BSP\Src\bsp_timer.c                   0x00000000   Number         0  bsp_timer.o ABSOLUTE
    ..\CORE\startup_stm32f40_41xxx.s         0x00000000   Number         0  startup_stm32f40_41xxx.o ABSOLUTE
    ..\FWLIB\src\misc.c                      0x00000000   Number         0  misc.o ABSOLUTE
    ..\FWLIB\src\stm32f4xx_adc.c             0x00000000   Number         0  stm32f4xx_adc.o ABSOLUTE
    ..\FWLIB\src\stm32f4xx_gpio.c            0x00000000   Number         0  stm32f4xx_gpio.o ABSOLUTE
    ..\FWLIB\src\stm32f4xx_rcc.c             0x00000000   Number         0  stm32f4xx_rcc.o ABSOLUTE
    ..\FWLIB\src\stm32f4xx_syscfg.c          0x00000000   Number         0  stm32f4xx_syscfg.o ABSOLUTE
    ..\FWLIB\src\stm32f4xx_tim.c             0x00000000   Number         0  stm32f4xx_tim.o ABSOLUTE
    ..\FWLIB\src\stm32f4xx_usart.c           0x00000000   Number         0  stm32f4xx_usart.o ABSOLUTE
    ..\SYSTEM\delay\delay.c                  0x00000000   Number         0  delay.o ABSOLUTE
    ..\SYSTEM\sys\sys.c                      0x00000000   Number         0  sys.o ABSOLUTE
    ..\SYSTEM\usart\usart.c                  0x00000000   Number         0  usart.o ABSOLUTE
    ..\USMART\usmart.c                       0x00000000   Number         0  usmart.o ABSOLUTE
    ..\USMART\usmart_config.c                0x00000000   Number         0  usmart_config.o ABSOLUTE
    ..\USMART\usmart_str.c                   0x00000000   Number         0  usmart_str.o ABSOLUTE
    ..\\BSP\\Src\\bsp_adc.c                  0x00000000   Number         0  bsp_adc.o ABSOLUTE
    ..\\BSP\\Src\\bsp_buzzer.c               0x00000000   Number         0  bsp_buzzer.o ABSOLUTE
    ..\\BSP\\Src\\bsp_dhtxx.c                0x00000000   Number         0  bsp_dhtxx.o ABSOLUTE
    ..\\BSP\\Src\\bsp_led.c                  0x00000000   Number         0  bsp_led.o ABSOLUTE
    ..\\BSP\\Src\\bsp_oled.c                 0x00000000   Number         0  bsp_oled.o ABSOLUTE
    ..\\BSP\\Src\\bsp_sgp30.c                0x00000000   Number         0  bsp_sgp30.o ABSOLUTE
    ..\\BSP\\Src\\bsp_swi2c.c                0x00000000   Number         0  bsp_swi2c.o ABSOLUTE
    ..\\BSP\\Src\\bsp_timer.c                0x00000000   Number         0  bsp_timer.o ABSOLUTE
    ..\\FWLIB\\src\\misc.c                   0x00000000   Number         0  misc.o ABSOLUTE
    ..\\FWLIB\\src\\stm32f4xx_adc.c          0x00000000   Number         0  stm32f4xx_adc.o ABSOLUTE
    ..\\FWLIB\\src\\stm32f4xx_gpio.c         0x00000000   Number         0  stm32f4xx_gpio.o ABSOLUTE
    ..\\FWLIB\\src\\stm32f4xx_rcc.c          0x00000000   Number         0  stm32f4xx_rcc.o ABSOLUTE
    ..\\FWLIB\\src\\stm32f4xx_syscfg.c       0x00000000   Number         0  stm32f4xx_syscfg.o ABSOLUTE
    ..\\FWLIB\\src\\stm32f4xx_tim.c          0x00000000   Number         0  stm32f4xx_tim.o ABSOLUTE
    ..\\FWLIB\\src\\stm32f4xx_usart.c        0x00000000   Number         0  stm32f4xx_usart.o ABSOLUTE
    ..\\SYSTEM\\delay\\delay.c               0x00000000   Number         0  delay.o ABSOLUTE
    ..\\SYSTEM\\sys\\sys.c                   0x00000000   Number         0  sys.o ABSOLUTE
    ..\\SYSTEM\\usart\\usart.c               0x00000000   Number         0  usart.o ABSOLUTE
    ..\\USMART\\usmart.c                     0x00000000   Number         0  usmart.o ABSOLUTE
    ..\\USMART\\usmart_config.c              0x00000000   Number         0  usmart_config.o ABSOLUTE
    ..\\USMART\\usmart_str.c                 0x00000000   Number         0  usmart_str.o ABSOLUTE
    F:\Keil_v5\F\Keil_v5\Arm\Packs\Keil\ARM_Compiler\1.6.2\Source\EventRecorder.c 0x00000000   Number         0  eventrecorder.o ABSOLUTE
    F:\Keil_v5\F\Keil_v5\Arm\Packs\Keil\ARM_Compiler\1.6.2\Source\retarget_io.c 0x00000000   Number         0  retarget_io.o ABSOLUTE
    F:\\Keil_v5\\F\\Keil_v5\\Arm\\Packs\\Keil\\ARM_Compiler\\1.6.2\\Source\\EventRecorder.c 0x00000000   Number         0  eventrecorder.o ABSOLUTE
    bsp.c                                    0x00000000   Number         0  bsp.o ABSOLUTE
    bsp.c                                    0x00000000   Number         0  bsp.o ABSOLUTE
    cdrcmple.s                               0x00000000   Number         0  cdrcmple.o ABSOLUTE
    dc.s                                     0x00000000   Number         0  dc.o ABSOLUTE
    handlers.s                               0x00000000   Number         0  handlers.o ABSOLUTE
    init.s                                   0x00000000   Number         0  init.o ABSOLUTE
    main.c                                   0x00000000   Number         0  main.o ABSOLUTE
    main.c                                   0x00000000   Number         0  main.o ABSOLUTE
    segger\HardFaultHandlerMDK\HardFaultHandler.S 0x00000000   Number         0  hardfaulthandler.o ABSOLUTE
    segger\HardFaultHandlerMDK\SEGGER_HardFaultHandler.c 0x00000000   Number         0  segger_hardfaulthandler.o ABSOLUTE
    segger\\HardFaultHandlerMDK\\SEGGER_HardFaultHandler.c 0x00000000   Number         0  segger_hardfaulthandler.o ABSOLUTE
    stm32f4xx_it.c                           0x00000000   Number         0  stm32f4xx_it.o ABSOLUTE
    stm32f4xx_it.c                           0x00000000   Number         0  stm32f4xx_it.o ABSOLUTE
    system_stm32f4xx.c                       0x00000000   Number         0  system_stm32f4xx.o ABSOLUTE
    system_stm32f4xx.c                       0x00000000   Number         0  system_stm32f4xx.o ABSOLUTE
    RESET                                    0x08000000   Section      392  startup_stm32f40_41xxx.o(RESET)
    .ARM.Collect$$$$00000000                 0x08000188   Section        0  entry.o(.ARM.Collect$$$$00000000)
    .ARM.Collect$$$$00000001                 0x08000188   Section        4  entry2.o(.ARM.Collect$$$$00000001)
    .ARM.Collect$$$$00000004                 0x0800018c   Section        4  entry5.o(.ARM.Collect$$$$00000004)
    .ARM.Collect$$$$00000008                 0x08000190   Section        0  entry7b.o(.ARM.Collect$$$$00000008)
    .ARM.Collect$$$$0000000A                 0x08000190   Section        0  entry8b.o(.ARM.Collect$$$$0000000A)
    .ARM.Collect$$$$0000000B                 0x08000190   Section        8  entry9a.o(.ARM.Collect$$$$0000000B)
    .ARM.Collect$$$$0000000D                 0x08000198   Section        0  entry10a.o(.ARM.Collect$$$$0000000D)
    .ARM.Collect$$$$0000000F                 0x08000198   Section        0  entry11a.o(.ARM.Collect$$$$0000000F)
    .ARM.Collect$$$$00002712                 0x08000198   Section        4  entry2.o(.ARM.Collect$$$$00002712)
    __lit__00000000                          0x08000198   Data           4  entry2.o(.ARM.Collect$$$$00002712)
    .emb_text                                0x0800019c   Section      116  eventrecorder.o(.emb_text)
    $v0                                      0x0800019c   Number         0  eventrecorder.o(.emb_text)
    .text                                    0x08000210   Section       36  startup_stm32f40_41xxx.o(.text)
    $v0                                      0x08000210   Number         0  startup_stm32f40_41xxx.o(.text)
    .text                                    0x08000234   Section        0  memcpya.o(.text)
    .text                                    0x08000258   Section        0  memseta.o(.text)
    .text                                    0x0800027c   Section        0  ddiv.o(.text)
    .text                                    0x0800035a   Section        0  dflti.o(.text)
    .text                                    0x0800037c   Section        0  uidiv.o(.text)
    .text                                    0x080003a8   Section        0  uldiv.o(.text)
    .text                                    0x0800040a   Section        0  depilogue.o(.text)
    .text                                    0x0800040a   Section        0  iusefp.o(.text)
    .text                                    0x080004c4   Section        0  dadd.o(.text)
    .text                                    0x08000612   Section        0  dmul.o(.text)
    .text                                    0x080006f6   Section        0  dfixul.o(.text)
    .text                                    0x08000728   Section       48  cdrcmple.o(.text)
    .text                                    0x08000758   Section       36  init.o(.text)
    .text                                    0x0800077c   Section        0  llshl.o(.text)
    .text                                    0x0800079a   Section        0  llushr.o(.text)
    .text                                    0x080007ba   Section        0  llsshr.o(.text)
    .text                                    0x080007de   Section        0  __dczerorl2.o(.text)
    OSKERNEL                                 0x08000834   Section       18  hardfaulthandler.o(OSKERNEL)
    $v0                                      0x08000834   Number         0  hardfaulthandler.o(OSKERNEL)
    i.BusFault_Handler                       0x08000846   Section        0  stm32f4xx_it.o(i.BusFault_Handler)
    i.DHTxx_Action                           0x0800084a   Section        0  bsp_dhtxx.o(i.DHTxx_Action)
    DHTxx_Action                             0x0800084b   Thumb Code    52  bsp_dhtxx.o(i.DHTxx_Action)
    i.DHTxx_Get_Data                         0x08000880   Section        0  bsp_dhtxx.o(i.DHTxx_Get_Data)
    i.DebugMon_Handler                       0x08000930   Section        0  stm32f4xx_it.o(i.DebugMon_Handler)
    i.EventCheckFilter                       0x08000934   Section        0  eventrecorder.o(i.EventCheckFilter)
    EventCheckFilter                         0x08000935   Thumb Code    32  eventrecorder.o(i.EventCheckFilter)
    i.EventGetTS                             0x0800095c   Section        0  eventrecorder.o(i.EventGetTS)
    EventGetTS                               0x0800095d   Thumb Code    56  eventrecorder.o(i.EventGetTS)
    i.EventRecord2                           0x08000998   Section        0  eventrecorder.o(i.EventRecord2)
    i.EventRecordData                        0x080009de   Section        0  eventrecorder.o(i.EventRecordData)
    i.EventRecordItem                        0x08000af4   Section        0  eventrecorder.o(i.EventRecordItem)
    EventRecordItem                          0x08000af5   Thumb Code   206  eventrecorder.o(i.EventRecordItem)
    i.EventRecorderEnable                    0x08000bcc   Section        0  eventrecorder.o(i.EventRecorderEnable)
    i.EventRecorderInitialize                0x08000c28   Section        0  eventrecorder.o(i.EventRecorderInitialize)
    i.EventRecorderStart                     0x08000d50   Section        0  eventrecorder.o(i.EventRecorderStart)
    i.EventRecorderTimerGetCount             0x08000d80   Section        0  eventrecorder.o(i.EventRecorderTimerGetCount)
    i.EventRecorderTimerGetFreq              0x08000d8c   Section        0  eventrecorder.o(i.EventRecorderTimerGetFreq)
    i.EventRecorderTimerSetup                0x08000d98   Section        0  eventrecorder.o(i.EventRecorderTimerSetup)
    i.GPIO_Init                              0x08000dbc   Section        0  stm32f4xx_gpio.o(i.GPIO_Init)
    i.GPIO_ResetBits                         0x08000e4c   Section        0  stm32f4xx_gpio.o(i.GPIO_ResetBits)
    i.GPIO_SetBits                           0x08000e50   Section        0  stm32f4xx_gpio.o(i.GPIO_SetBits)
    i.GetContext                             0x08000e54   Section        0  eventrecorder.o(i.GetContext)
    GetContext                               0x08000e55   Thumb Code    10  eventrecorder.o(i.GetContext)
    i.HardFaultHandler                       0x08000e64   Section        0  segger_hardfaulthandler.o(i.HardFaultHandler)
    i.Io_Init                                0x08000f18   Section        0  bsp_dhtxx.o(i.Io_Init)
    Io_Init                                  0x08000f19   Thumb Code    54  bsp_dhtxx.o(i.Io_Init)
    i.MemManage_Handler                      0x08000f54   Section        0  stm32f4xx_it.o(i.MemManage_Handler)
    i.NMI_Handler                            0x08000f58   Section        0  stm32f4xx_it.o(i.NMI_Handler)
    i.NVIC_Init                              0x08000f5c   Section        0  misc.o(i.NVIC_Init)
    i.OLED_Clear                             0x08000fd4   Section        0  bsp_oled.o(i.OLED_Clear)
    i.OLED_IIC_Start                         0x08001004   Section        0  bsp_oled.o(i.OLED_IIC_Start)
    OLED_IIC_Start                           0x08001005   Thumb Code    52  bsp_oled.o(i.OLED_IIC_Start)
    i.OLED_IIC_Stop                          0x0800103c   Section        0  bsp_oled.o(i.OLED_IIC_Stop)
    OLED_IIC_Stop                            0x0800103d   Thumb Code    38  bsp_oled.o(i.OLED_IIC_Stop)
    i.OLED_IIC_Wait_Ack                      0x08001068   Section        0  bsp_oled.o(i.OLED_IIC_Wait_Ack)
    OLED_IIC_Wait_Ack                        0x08001069   Thumb Code    26  bsp_oled.o(i.OLED_IIC_Wait_Ack)
    i.OLED_Init                              0x08001088   Section        0  bsp_oled.o(i.OLED_Init)
    i.OLED_Refresh_Gram                      0x080011ac   Section        0  bsp_oled.o(i.OLED_Refresh_Gram)
    i.OLED_Set_Pos                           0x080011f4   Section        0  bsp_oled.o(i.OLED_Set_Pos)
    i.OLED_ShowChar                          0x0800121c   Section        0  bsp_oled.o(i.OLED_ShowChar)
    i.OLED_ShowString                        0x08001338   Section        0  bsp_oled.o(i.OLED_ShowString)
    i.OLED_WR_Byte                           0x080013ee   Section        0  bsp_oled.o(i.OLED_WR_Byte)
    i.PendSV_Handler                         0x08001406   Section        0  stm32f4xx_it.o(i.PendSV_Handler)
    i.RCC_AHB1PeriphClockCmd                 0x08001408   Section        0  stm32f4xx_rcc.o(i.RCC_AHB1PeriphClockCmd)
    i.RCC_APB1PeriphClockCmd                 0x08001428   Section        0  stm32f4xx_rcc.o(i.RCC_APB1PeriphClockCmd)
    i.SVC_Handler                            0x08001448   Section        0  stm32f4xx_it.o(i.SVC_Handler)
    i.SetSysClock                            0x0800144c   Section        0  system_stm32f4xx.o(i.SetSysClock)
    SetSysClock                              0x0800144d   Thumb Code   220  system_stm32f4xx.o(i.SetSysClock)
    i.SysTick_CLKSourceConfig                0x08001538   Section        0  misc.o(i.SysTick_CLKSourceConfig)
    i.SysTick_Handler                        0x08001560   Section        0  stm32f4xx_it.o(i.SysTick_Handler)
    i.SystemInit                             0x08001564   Section        0  system_stm32f4xx.o(i.SystemInit)
    i.TIM3_IRQHandler                        0x080015cc   Section        0  bsp_timer.o(i.TIM3_IRQHandler)
    i.TIM3_Int_Init                          0x080016a0   Section        0  bsp_timer.o(i.TIM3_Int_Init)
    i.TIM4_IRQHandler                        0x080016fc   Section        0  usmart.o(i.TIM4_IRQHandler)
    i.TIM_ClearFlag                          0x08001734   Section        0  stm32f4xx_tim.o(i.TIM_ClearFlag)
    i.TIM_ClearITPendingBit                  0x0800173a   Section        0  stm32f4xx_tim.o(i.TIM_ClearITPendingBit)
    i.TIM_Cmd                                0x08001740   Section        0  stm32f4xx_tim.o(i.TIM_Cmd)
    i.TIM_GetCounter                         0x08001758   Section        0  stm32f4xx_tim.o(i.TIM_GetCounter)
    i.TIM_GetFlagStatus                      0x0800175e   Section        0  stm32f4xx_tim.o(i.TIM_GetFlagStatus)
    i.TIM_GetITStatus                        0x08001770   Section        0  stm32f4xx_tim.o(i.TIM_GetITStatus)
    i.TIM_ITConfig                           0x08001792   Section        0  stm32f4xx_tim.o(i.TIM_ITConfig)
    i.TIM_SetAutoreload                      0x080017a4   Section        0  stm32f4xx_tim.o(i.TIM_SetAutoreload)
    i.TIM_SetCounter                         0x080017a8   Section        0  stm32f4xx_tim.o(i.TIM_SetCounter)
    i.TIM_TimeBaseInit                       0x080017ac   Section        0  stm32f4xx_tim.o(i.TIM_TimeBaseInit)
    i.Timer4_Init                            0x08001830   Section        0  usmart.o(i.Timer4_Init)
    i.USART1_IRQHandler                      0x0800188c   Section        0  usart.o(i.USART1_IRQHandler)
    i.USART_GetITStatus                      0x08001914   Section        0  stm32f4xx_usart.o(i.USART_GetITStatus)
    i.USART_ReceiveData                      0x08001968   Section        0  stm32f4xx_usart.o(i.USART_ReceiveData)
    i.UsageFault_Handler                     0x08001972   Section        0  stm32f4xx_it.o(i.UsageFault_Handler)
    i.Write_IIC_Byte                         0x08001978   Section        0  bsp_oled.o(i.Write_IIC_Byte)
    Write_IIC_Byte                           0x08001979   Thumb Code    94  bsp_oled.o(i.Write_IIC_Byte)
    i.Write_IIC_Command                      0x080019dc   Section        0  bsp_oled.o(i.Write_IIC_Command)
    Write_IIC_Command                        0x080019dd   Thumb Code    44  bsp_oled.o(i.Write_IIC_Command)
    i.Write_IIC_Data                         0x08001a08   Section        0  bsp_oled.o(i.Write_IIC_Data)
    Write_IIC_Data                           0x08001a09   Thumb Code    44  bsp_oled.o(i.Write_IIC_Data)
    i.__0printf                              0x08001a34   Section        0  printfa.o(i.__0printf)
    i.__0sprintf                             0x08001a54   Section        0  printfa.o(i.__0sprintf)
    i.__scatterload_copy                     0x08001a7c   Section       14  handlers.o(i.__scatterload_copy)
    i.__scatterload_null                     0x08001a8a   Section        2  handlers.o(i.__scatterload_null)
    i.__scatterload_zeroinit                 0x08001a8c   Section       14  handlers.o(i.__scatterload_zeroinit)
    i._fp_digits                             0x08001a9c   Section        0  printfa.o(i._fp_digits)
    _fp_digits                               0x08001a9d   Thumb Code   366  printfa.o(i._fp_digits)
    i._printf_core                           0x08001c20   Section        0  printfa.o(i._printf_core)
    _printf_core                             0x08001c21   Thumb Code  1744  printfa.o(i._printf_core)
    i._printf_post_padding                   0x080022fc   Section        0  printfa.o(i._printf_post_padding)
    _printf_post_padding                     0x080022fd   Thumb Code    36  printfa.o(i._printf_post_padding)
    i._printf_pre_padding                    0x08002320   Section        0  printfa.o(i._printf_pre_padding)
    _printf_pre_padding                      0x08002321   Thumb Code    46  printfa.o(i._printf_pre_padding)
    i._sputc                                 0x0800234e   Section        0  printfa.o(i._sputc)
    _sputc                                   0x0800234f   Thumb Code    10  printfa.o(i._sputc)
    i.bspBeepEnable                          0x08002358   Section        0  bsp_buzzer.o(i.bspBeepEnable)
    i.bspBeepHandler                         0x08002368   Section        0  bsp_buzzer.o(i.bspBeepHandler)
    i.bspBuzzerFlash                         0x080023c4   Section        0  bsp_buzzer.o(i.bspBuzzerFlash)
    i.bspBuzzerFreq                          0x080023dc   Section        0  bsp_buzzer.o(i.bspBuzzerFreq)
    i.bspBuzzerInit                          0x080023e8   Section        0  bsp_buzzer.o(i.bspBuzzerInit)
    i.bspInit                                0x08002424   Section        0  bsp.o(i.bspInit)
    i.bspLedFlash                            0x08002464   Section        0  bsp_led.o(i.bspLedFlash)
    i.bspLedInit                             0x08002488   Section        0  bsp_led.o(i.bspLedInit)
    i.bsp_sgp30_comm                         0x080024d8   Section        0  bsp_sgp30.o(i.bsp_sgp30_comm)
    bsp_sgp30_comm                           0x080024d9   Thumb Code    38  bsp_sgp30.o(i.bsp_sgp30_comm)
    i.bsp_sgp30_header                       0x08002504   Section        0  bsp_sgp30.o(i.bsp_sgp30_header)
    bsp_sgp30_header                         0x08002505   Thumb Code    34  bsp_sgp30.o(i.bsp_sgp30_header)
    i.bsp_sgp30_in                           0x0800252c   Section        0  bsp_sgp30.o(i.bsp_sgp30_in)
    bsp_sgp30_in                             0x0800252d   Thumb Code    20  bsp_sgp30.o(i.bsp_sgp30_in)
    i.bsp_sgp30_io_init                      0x08002544   Section        0  bsp_sgp30.o(i.bsp_sgp30_io_init)
    i.bsp_sgp30_out                          0x08002584   Section        0  bsp_sgp30.o(i.bsp_sgp30_out)
    bsp_sgp30_out                            0x08002585   Thumb Code    24  bsp_sgp30.o(i.bsp_sgp30_out)
    i.bsp_sgp30_read_data                    0x080025a0   Section        0  bsp_sgp30.o(i.bsp_sgp30_read_data)
    bsp_sgp30_read_data                      0x080025a1   Thumb Code    46  bsp_sgp30.o(i.bsp_sgp30_read_data)
    i.bsp_sgp30_sensor_init                  0x080025d4   Section        0  bsp_sgp30.o(i.bsp_sgp30_sensor_init)
    bsp_sgp30_sensor_init                    0x080025d5   Thumb Code    24  bsp_sgp30.o(i.bsp_sgp30_sensor_init)
    i.bsp_sgp30_test                         0x080025f0   Section        0  bsp_sgp30.o(i.bsp_sgp30_test)
    i.crc16_ccitt                            0x0800265c   Section        0  eventrecorder.o(i.crc16_ccitt)
    crc16_ccitt                              0x0800265d   Thumb Code    66  eventrecorder.o(i.crc16_ccitt)
    i.crc8                                   0x0800269e   Section        0  crc.o(i.crc8)
    i.delay_init                             0x08002704   Section        0  delay.o(i.delay_init)
    i.delay_ms                               0x08002740   Section        0  delay.o(i.delay_ms)
    i.delay_us                               0x08002778   Section        0  delay.o(i.delay_us)
    i.delay_xms                              0x080027c4   Section        0  delay.o(i.delay_xms)
    i.fputc                                  0x08002810   Section        0  retarget_io.o(i.fputc)
    i.main                                   0x08002830   Section        0  main.o(i.main)
    i.read_addr                              0x08002a10   Section        0  usmart.o(i.read_addr)
    i.reverse8                               0x08002a16   Section        0  crc.o(i.reverse8)
    reverse8                                 0x08002a17   Thumb Code    38  crc.o(i.reverse8)
    i.stdout_putchar                         0x08002a3c   Section        0  retarget_io.o(i.stdout_putchar)
    stdout_putchar                           0x08002a3d   Thumb Code    68  retarget_io.o(i.stdout_putchar)
    i.swi2cAck                               0x08002a8c   Section        0  bsp_swi2c.o(i.swi2cAck)
    i.swi2cReceiveByte                       0x08002aca   Section        0  bsp_swi2c.o(i.swi2cReceiveByte)
    i.swi2cSendByte                          0x08002b18   Section        0  bsp_swi2c.o(i.swi2cSendByte)
    i.swi2cStart                             0x08002b58   Section        0  bsp_swi2c.o(i.swi2cStart)
    i.swi2cStop                              0x08002b8a   Section        0  bsp_swi2c.o(i.swi2cStop)
    i.swi2cWaitAck                           0x08002bb0   Section        0  bsp_swi2c.o(i.swi2cWaitAck)
    i.uDHTxx_Answer                          0x08002bf8   Section        0  bsp_dhtxx.o(i.uDHTxx_Answer)
    uDHTxx_Answer                            0x08002bf9   Thumb Code    68  bsp_dhtxx.o(i.uDHTxx_Answer)
    i.uRead_Byte                             0x08002c40   Section        0  bsp_dhtxx.o(i.uRead_Byte)
    uRead_Byte                               0x08002c41   Thumb Code   118  bsp_dhtxx.o(i.uRead_Byte)
    i.usmart_cmd_rec                         0x08002cbc   Section        0  usmart.o(i.usmart_cmd_rec)
    i.usmart_exe                             0x08002d6c   Section        0  usmart.o(i.usmart_exe)
    i.usmart_get_aparm                       0x08003040   Section        0  usmart_str.o(i.usmart_get_aparm)
    i.usmart_get_cmdname                     0x08003108   Section        0  usmart_str.o(i.usmart_get_cmdname)
    i.usmart_get_fname                       0x08003140   Section        0  usmart_str.o(i.usmart_get_fname)
    i.usmart_get_fparam                      0x08003300   Section        0  usmart_str.o(i.usmart_get_fparam)
    i.usmart_get_parmpos                     0x0800340c   Section        0  usmart_str.o(i.usmart_get_parmpos)
    i.usmart_get_runtime                     0x0800342c   Section        0  usmart.o(i.usmart_get_runtime)
    i.usmart_init                            0x08003470   Section        0  usmart.o(i.usmart_init)
    i.usmart_pow                             0x08003498   Section        0  usmart_str.o(i.usmart_pow)
    i.usmart_reset_runtime                   0x080034b0   Section        0  usmart.o(i.usmart_reset_runtime)
    i.usmart_scan                            0x080034e0   Section        0  usmart.o(i.usmart_scan)
    i.usmart_search_nextc                    0x0800359c   Section        0  usmart_str.o(i.usmart_search_nextc)
    i.usmart_str2num                         0x080035b2   Section        0  usmart_str.o(i.usmart_str2num)
    i.usmart_strcmp                          0x0800367c   Section        0  usmart_str.o(i.usmart_strcmp)
    i.usmart_strcopy                         0x0800369e   Section        0  usmart_str.o(i.usmart_strcopy)
    i.usmart_strlen                          0x080036b4   Section        0  usmart_str.o(i.usmart_strlen)
    i.usmart_sys_cmd_exe                     0x080036cc   Section        0  usmart.o(i.usmart_sys_cmd_exe)
    i.vDHTxx_Start                           0x08003db0   Section        0  bsp_dhtxx.o(i.vDHTxx_Start)
    vDHTxx_Start                             0x08003db1   Thumb Code    38  bsp_dhtxx.o(i.vDHTxx_Start)
    i.vDhtxx_Init                            0x08003de0   Section        0  bsp_dhtxx.o(i.vDhtxx_Init)
    i.vSetIoState                            0x08003de8   Section        0  bsp_dhtxx.o(i.vSetIoState)
    vSetIoState                              0x08003de9   Thumb Code    46  bsp_dhtxx.o(i.vSetIoState)
    i.write_addr                             0x08003e1c   Section        0  usmart.o(i.write_addr)
    .constdata                               0x08003e20   Section     7348  bsp_oled.o(.constdata)
    .constdata                               0x08005ad4   Section       24  eventrecorder.o(.constdata)
    __tagsym$$used                           0x08005ad4   Number         0  eventrecorder.o(.constdata)
    .conststring                             0x08005aec   Section       40  usmart.o(.conststring)
    .conststring                             0x08005b14   Section      107  usmart_config.o(.conststring)
    .data                                    0x20000000   Section        1  main.o(.data)
    .data                                    0x20000004   Section       20  system_stm32f4xx.o(.data)
    .data                                    0x20000018   Section        5  bsp_dhtxx.o(.data)
    .data                                    0x2000001d   Section        1  bsp_led.o(.data)
    flag                                     0x2000001d   Data           1  bsp_led.o(.data)
    .data                                    0x2000001e   Section        6  bsp_timer.o(.data)
    .data                                    0x20000024   Section       31  bsp_sgp30.o(.data)
    .data                                    0x20000044   Section        4  delay.o(.data)
    fac_us                                   0x20000044   Data           1  delay.o(.data)
    fac_ms                                   0x20000046   Data           2  delay.o(.data)
    .data                                    0x20000048   Section        2  usart.o(.data)
    .data                                    0x2000004c   Section        4  segger_hardfaulthandler.o(.data)
    _Continue                                0x2000004c   Data           4  segger_hardfaulthandler.o(.data)
    .data                                    0x20000050   Section       28  usmart.o(.data)
    .data                                    0x2000006c   Section      276  usmart_config.o(.data)
    .data                                    0x20000180   Section       12  retarget_io.o(.data)
    index                                    0x20000180   Data           4  retarget_io.o(.data)
    buffer                                   0x20000184   Data           8  retarget_io.o(.data)
    .data                                    0x2000018c   Section        4  stdout.o(.data)
    .bss                                     0x20000190   Section       17  main.o(.bss)
    .bss                                     0x200001a2   Section       10  bsp_buzzer.o(.bss)
    .bss                                     0x200001ac   Section     1024  bsp_oled.o(.bss)
    .bss                                     0x200005ac   Section      200  usart.o(.bss)
    .bss                                     0x20000674   Section       64  segger_hardfaulthandler.o(.bss)
    HardFaultRegs                            0x20000674   Data          64  segger_hardfaulthandler.o(.bss)
    .bss.noinit                              0x200006c0   Section     1188  eventrecorder.o(.bss.noinit)
    EventBuffer                              0x200006c0   Data        1024  eventrecorder.o(.bss.noinit)
    EventFilter                              0x20000ac0   Data         128  eventrecorder.o(.bss.noinit)
    EventStatus                              0x20000b40   Data          36  eventrecorder.o(.bss.noinit)
    STACK                                    0x20000b68   Section     1024  startup_stm32f40_41xxx.o(STACK)

    Global Symbols

    Symbol Name                              Value     Ov Type        Size  Object(Section)

    BuildAttributes$$THM_ISAv4$E$P$D$K$B$S$7EM$VFPi3$EXTD16$VFPS$VFMA$PE$A:L22UL41UL21$X:L11$S22US41US21$IEEE1$IW$USESV6$~STKCKD$USESV7$~SHL$OSPACE$ROPI$EBA8$MICROLIB$REQ8$PRES8$EABIv2 0x00000000   Number         0  anon$$obj.o ABSOLUTE
    __ARM_use_no_argv                        0x00000000   Number         0  main.o ABSOLUTE
    _printf_a                                0x00000000   Number         0  stubs.o ABSOLUTE
    _printf_c                                0x00000000   Number         0  stubs.o ABSOLUTE
    _printf_charcount                        0x00000000   Number         0  stubs.o ABSOLUTE
    _printf_d                                0x00000000   Number         0  stubs.o ABSOLUTE
    _printf_e                                0x00000000   Number         0  stubs.o ABSOLUTE
    _printf_f                                0x00000000   Number         0  stubs.o ABSOLUTE
    _printf_flags                            0x00000000   Number         0  stubs.o ABSOLUTE
    _printf_fp_dec                           0x00000000   Number         0  stubs.o ABSOLUTE
    _printf_fp_hex                           0x00000000   Number         0  stubs.o ABSOLUTE
    _printf_g                                0x00000000   Number         0  stubs.o ABSOLUTE
    _printf_i                                0x00000000   Number         0  stubs.o ABSOLUTE
    _printf_int_dec                          0x00000000   Number         0  stubs.o ABSOLUTE
    _printf_l                                0x00000000   Number         0  stubs.o ABSOLUTE
    _printf_lc                               0x00000000   Number         0  stubs.o ABSOLUTE
    _printf_ll                               0x00000000   Number         0  stubs.o ABSOLUTE
    _printf_lld                              0x00000000   Number         0  stubs.o ABSOLUTE
    _printf_lli                              0x00000000   Number         0  stubs.o ABSOLUTE
    _printf_llo                              0x00000000   Number         0  stubs.o ABSOLUTE
    _printf_llu                              0x00000000   Number         0  stubs.o ABSOLUTE
    _printf_llx                              0x00000000   Number         0  stubs.o ABSOLUTE
    _printf_longlong_dec                     0x00000000   Number         0  stubs.o ABSOLUTE
    _printf_longlong_hex                     0x00000000   Number         0  stubs.o ABSOLUTE
    _printf_longlong_oct                     0x00000000   Number         0  stubs.o ABSOLUTE
    _printf_ls                               0x00000000   Number         0  stubs.o ABSOLUTE
    _printf_mbtowc                           0x00000000   Number         0  stubs.o ABSOLUTE
    _printf_n                                0x00000000   Number         0  stubs.o ABSOLUTE
    _printf_o                                0x00000000   Number         0  stubs.o ABSOLUTE
    _printf_p                                0x00000000   Number         0  stubs.o ABSOLUTE
    _printf_percent                          0x00000000   Number         0  stubs.o ABSOLUTE
    _printf_pre_padding                      0x00000000   Number         0  stubs.o ABSOLUTE
    _printf_return_value                     0x00000000   Number         0  stubs.o ABSOLUTE
    _printf_s                                0x00000000   Number         0  stubs.o ABSOLUTE
    _printf_sizespec                         0x00000000   Number         0  stubs.o ABSOLUTE
    _printf_str                              0x00000000   Number         0  stubs.o ABSOLUTE
    _printf_truncate_signed                  0x00000000   Number         0  stubs.o ABSOLUTE
    _printf_truncate_unsigned                0x00000000   Number         0  stubs.o ABSOLUTE
    _printf_u                                0x00000000   Number         0  stubs.o ABSOLUTE
    _printf_wc                               0x00000000   Number         0  stubs.o ABSOLUTE
    _printf_wctomb                           0x00000000   Number         0  stubs.o ABSOLUTE
    _printf_widthprec                        0x00000000   Number         0  stubs.o ABSOLUTE
    _printf_x                                0x00000000   Number         0  stubs.o ABSOLUTE
    __cpp_initialize__aeabi_                  - Undefined Weak Reference
    __cxa_finalize                            - Undefined Weak Reference
    _clock_init                               - Undefined Weak Reference
    _microlib_exit                            - Undefined Weak Reference
    __Vectors_Size                           0x00000188   Number         0  startup_stm32f40_41xxx.o ABSOLUTE
    __Vectors                                0x08000000   Data           4  startup_stm32f40_41xxx.o(RESET)
    __Vectors_End                            0x08000188   Data           0  startup_stm32f40_41xxx.o(RESET)
    __main                                   0x08000189   Thumb Code     0  entry.o(.ARM.Collect$$$$00000000)
    _main_stk                                0x08000189   Thumb Code     0  entry2.o(.ARM.Collect$$$$00000001)
    _main_scatterload                        0x0800018d   Thumb Code     0  entry5.o(.ARM.Collect$$$$00000004)
    __main_after_scatterload                 0x08000191   Thumb Code     0  entry5.o(.ARM.Collect$$$$00000004)
    _main_clock                              0x08000191   Thumb Code     0  entry7b.o(.ARM.Collect$$$$00000008)
    _main_cpp_init                           0x08000191   Thumb Code     0  entry8b.o(.ARM.Collect$$$$0000000A)
    _main_init                               0x08000191   Thumb Code     0  entry9a.o(.ARM.Collect$$$$0000000B)
    __rt_final_cpp                           0x08000199   Thumb Code     0  entry10a.o(.ARM.Collect$$$$0000000D)
    __rt_final_exit                          0x08000199   Thumb Code     0  entry11a.o(.ARM.Collect$$$$0000000F)
    __asm___15_EventRecorder_c_e8d3082c__atomic_inc8 0x0800019d   Thumb Code    18  eventrecorder.o(.emb_text)
    __asm___15_EventRecorder_c_e8d3082c__atomic_inc32 0x080001af   Thumb Code    18  eventrecorder.o(.emb_text)
    __asm___15_EventRecorder_c_e8d3082c__atomic_xch32 0x080001c1   Thumb Code    16  eventrecorder.o(.emb_text)
    __asm___15_EventRecorder_c_e8d3082c__LockRecord 0x080001d1   Thumb Code    34  eventrecorder.o(.emb_text)
    __asm___15_EventRecorder_c_e8d3082c__UnlockRecord 0x080001f3   Thumb Code    30  eventrecorder.o(.emb_text)
    Reset_Handler                            0x08000211   Thumb Code     8  startup_stm32f40_41xxx.o(.text)
    ADC_IRQHandler                           0x0800022b   Thumb Code     0  startup_stm32f40_41xxx.o(.text)
    CAN1_RX0_IRQHandler                      0x0800022b   Thumb Code     0  startup_stm32f40_41xxx.o(.text)
    CAN1_RX1_IRQHandler                      0x0800022b   Thumb Code     0  startup_stm32f40_41xxx.o(.text)
    CAN1_SCE_IRQHandler                      0x0800022b   Thumb Code     0  startup_stm32f40_41xxx.o(.text)
    CAN1_TX_IRQHandler                       0x0800022b   Thumb Code     0  startup_stm32f40_41xxx.o(.text)
    CAN2_RX0_IRQHandler                      0x0800022b   Thumb Code     0  startup_stm32f40_41xxx.o(.text)
    CAN2_RX1_IRQHandler                      0x0800022b   Thumb Code     0  startup_stm32f40_41xxx.o(.text)
    CAN2_SCE_IRQHandler                      0x0800022b   Thumb Code     0  startup_stm32f40_41xxx.o(.text)
    CAN2_TX_IRQHandler                       0x0800022b   Thumb Code     0  startup_stm32f40_41xxx.o(.text)
    CRYP_IRQHandler                          0x0800022b   Thumb Code     0  startup_stm32f40_41xxx.o(.text)
    DCMI_IRQHandler                          0x0800022b   Thumb Code     0  startup_stm32f40_41xxx.o(.text)
    DMA1_Stream0_IRQHandler                  0x0800022b   Thumb Code     0  startup_stm32f40_41xxx.o(.text)
    DMA1_Stream1_IRQHandler                  0x0800022b   Thumb Code     0  startup_stm32f40_41xxx.o(.text)
    DMA1_Stream2_IRQHandler                  0x0800022b   Thumb Code     0  startup_stm32f40_41xxx.o(.text)
    DMA1_Stream3_IRQHandler                  0x0800022b   Thumb Code     0  startup_stm32f40_41xxx.o(.text)
    DMA1_Stream4_IRQHandler                  0x0800022b   Thumb Code     0  startup_stm32f40_41xxx.o(.text)
    DMA1_Stream5_IRQHandler                  0x0800022b   Thumb Code     0  startup_stm32f40_41xxx.o(.text)
    DMA1_Stream6_IRQHandler                  0x0800022b   Thumb Code     0  startup_stm32f40_41xxx.o(.text)
    DMA1_Stream7_IRQHandler                  0x0800022b   Thumb Code     0  startup_stm32f40_41xxx.o(.text)
    DMA2_Stream0_IRQHandler                  0x0800022b   Thumb Code     0  startup_stm32f40_41xxx.o(.text)
    DMA2_Stream1_IRQHandler                  0x0800022b   Thumb Code     0  startup_stm32f40_41xxx.o(.text)
    DMA2_Stream2_IRQHandler                  0x0800022b   Thumb Code     0  startup_stm32f40_41xxx.o(.text)
    DMA2_Stream3_IRQHandler                  0x0800022b   Thumb Code     0  startup_stm32f40_41xxx.o(.text)
    DMA2_Stream4_IRQHandler                  0x0800022b   Thumb Code     0  startup_stm32f40_41xxx.o(.text)
    DMA2_Stream5_IRQHandler                  0x0800022b   Thumb Code     0  startup_stm32f40_41xxx.o(.text)
    DMA2_Stream6_IRQHandler                  0x0800022b   Thumb Code     0  startup_stm32f40_41xxx.o(.text)
    DMA2_Stream7_IRQHandler                  0x0800022b   Thumb Code     0  startup_stm32f40_41xxx.o(.text)
    ETH_IRQHandler                           0x0800022b   Thumb Code     0  startup_stm32f40_41xxx.o(.text)
    ETH_WKUP_IRQHandler                      0x0800022b   Thumb Code     0  startup_stm32f40_41xxx.o(.text)
    EXTI0_IRQHandler                         0x0800022b   Thumb Code     0  startup_stm32f40_41xxx.o(.text)
    EXTI15_10_IRQHandler                     0x0800022b   Thumb Code     0  startup_stm32f40_41xxx.o(.text)
    EXTI1_IRQHandler                         0x0800022b   Thumb Code     0  startup_stm32f40_41xxx.o(.text)
    EXTI2_IRQHandler                         0x0800022b   Thumb Code     0  startup_stm32f40_41xxx.o(.text)
    EXTI3_IRQHandler                         0x0800022b   Thumb Code     0  startup_stm32f40_41xxx.o(.text)
    EXTI4_IRQHandler                         0x0800022b   Thumb Code     0  startup_stm32f40_41xxx.o(.text)
    EXTI9_5_IRQHandler                       0x0800022b   Thumb Code     0  startup_stm32f40_41xxx.o(.text)
    FLASH_IRQHandler                         0x0800022b   Thumb Code     0  startup_stm32f40_41xxx.o(.text)
    FPU_IRQHandler                           0x0800022b   Thumb Code     0  startup_stm32f40_41xxx.o(.text)
    FSMC_IRQHandler                          0x0800022b   Thumb Code     0  startup_stm32f40_41xxx.o(.text)
    HASH_RNG_IRQHandler                      0x0800022b   Thumb Code     0  startup_stm32f40_41xxx.o(.text)
    I2C1_ER_IRQHandler                       0x0800022b   Thumb Code     0  startup_stm32f40_41xxx.o(.text)
    I2C1_EV_IRQHandler                       0x0800022b   Thumb Code     0  startup_stm32f40_41xxx.o(.text)
    I2C2_ER_IRQHandler                       0x0800022b   Thumb Code     0  startup_stm32f40_41xxx.o(.text)
    I2C2_EV_IRQHandler                       0x0800022b   Thumb Code     0  startup_stm32f40_41xxx.o(.text)
    I2C3_ER_IRQHandler                       0x0800022b   Thumb Code     0  startup_stm32f40_41xxx.o(.text)
    I2C3_EV_IRQHandler                       0x0800022b   Thumb Code     0  startup_stm32f40_41xxx.o(.text)
    OTG_FS_IRQHandler                        0x0800022b   Thumb Code     0  startup_stm32f40_41xxx.o(.text)
    OTG_FS_WKUP_IRQHandler                   0x0800022b   Thumb Code     0  startup_stm32f40_41xxx.o(.text)
    OTG_HS_EP1_IN_IRQHandler                 0x0800022b   Thumb Code     0  startup_stm32f40_41xxx.o(.text)
    OTG_HS_EP1_OUT_IRQHandler                0x0800022b   Thumb Code     0  startup_stm32f40_41xxx.o(.text)
    OTG_HS_IRQHandler                        0x0800022b   Thumb Code     0  startup_stm32f40_41xxx.o(.text)
    OTG_HS_WKUP_IRQHandler                   0x0800022b   Thumb Code     0  startup_stm32f40_41xxx.o(.text)
    PVD_IRQHandler                           0x0800022b   Thumb Code     0  startup_stm32f40_41xxx.o(.text)
    RCC_IRQHandler                           0x0800022b   Thumb Code     0  startup_stm32f40_41xxx.o(.text)
    RTC_Alarm_IRQHandler                     0x0800022b   Thumb Code     0  startup_stm32f40_41xxx.o(.text)
    RTC_WKUP_IRQHandler                      0x0800022b   Thumb Code     0  startup_stm32f40_41xxx.o(.text)
    SDIO_IRQHandler                          0x0800022b   Thumb Code     0  startup_stm32f40_41xxx.o(.text)
    SPI1_IRQHandler                          0x0800022b   Thumb Code     0  startup_stm32f40_41xxx.o(.text)
    SPI2_IRQHandler                          0x0800022b   Thumb Code     0  startup_stm32f40_41xxx.o(.text)
    SPI3_IRQHandler                          0x0800022b   Thumb Code     0  startup_stm32f40_41xxx.o(.text)
    TAMP_STAMP_IRQHandler                    0x0800022b   Thumb Code     0  startup_stm32f40_41xxx.o(.text)
    TIM1_BRK_TIM9_IRQHandler                 0x0800022b   Thumb Code     0  startup_stm32f40_41xxx.o(.text)
    TIM1_CC_IRQHandler                       0x0800022b   Thumb Code     0  startup_stm32f40_41xxx.o(.text)
    TIM1_TRG_COM_TIM11_IRQHandler            0x0800022b   Thumb Code     0  startup_stm32f40_41xxx.o(.text)
    TIM1_UP_TIM10_IRQHandler                 0x0800022b   Thumb Code     0  startup_stm32f40_41xxx.o(.text)
    TIM2_IRQHandler                          0x0800022b   Thumb Code     0  startup_stm32f40_41xxx.o(.text)
    TIM5_IRQHandler                          0x0800022b   Thumb Code     0  startup_stm32f40_41xxx.o(.text)
    TIM6_DAC_IRQHandler                      0x0800022b   Thumb Code     0  startup_stm32f40_41xxx.o(.text)
    TIM7_IRQHandler                          0x0800022b   Thumb Code     0  startup_stm32f40_41xxx.o(.text)
    TIM8_BRK_TIM12_IRQHandler                0x0800022b   Thumb Code     0  startup_stm32f40_41xxx.o(.text)
    TIM8_CC_IRQHandler                       0x0800022b   Thumb Code     0  startup_stm32f40_41xxx.o(.text)
    TIM8_TRG_COM_TIM14_IRQHandler            0x0800022b   Thumb Code     0  startup_stm32f40_41xxx.o(.text)
    TIM8_UP_TIM13_IRQHandler                 0x0800022b   Thumb Code     0  startup_stm32f40_41xxx.o(.text)
    UART4_IRQHandler                         0x0800022b   Thumb Code     0  startup_stm32f40_41xxx.o(.text)
    UART5_IRQHandler                         0x0800022b   Thumb Code     0  startup_stm32f40_41xxx.o(.text)
    USART2_IRQHandler                        0x0800022b   Thumb Code     0  startup_stm32f40_41xxx.o(.text)
    USART3_IRQHandler                        0x0800022b   Thumb Code     0  startup_stm32f40_41xxx.o(.text)
    USART6_IRQHandler                        0x0800022b   Thumb Code     0  startup_stm32f40_41xxx.o(.text)
    WWDG_IRQHandler                          0x0800022b   Thumb Code     0  startup_stm32f40_41xxx.o(.text)
    __aeabi_memcpy                           0x08000235   Thumb Code    36  memcpya.o(.text)
    __aeabi_memcpy4                          0x08000235   Thumb Code     0  memcpya.o(.text)
    __aeabi_memcpy8                          0x08000235   Thumb Code     0  memcpya.o(.text)
    __aeabi_memset                           0x08000259   Thumb Code    14  memseta.o(.text)
    __aeabi_memset4                          0x08000259   Thumb Code     0  memseta.o(.text)
    __aeabi_memset8                          0x08000259   Thumb Code     0  memseta.o(.text)
    __aeabi_memclr                           0x08000267   Thumb Code     4  memseta.o(.text)
    __aeabi_memclr4                          0x08000267   Thumb Code     0  memseta.o(.text)
    __aeabi_memclr8                          0x08000267   Thumb Code     0  memseta.o(.text)
    _memset$wrapper                          0x0800026b   Thumb Code    18  memseta.o(.text)
    __aeabi_ddiv                             0x0800027d   Thumb Code   222  ddiv.o(.text)
    __aeabi_i2d                              0x0800035b   Thumb Code    34  dflti.o(.text)
    __aeabi_uidiv                            0x0800037d   Thumb Code     0  uidiv.o(.text)
    __aeabi_uidivmod                         0x0800037d   Thumb Code    44  uidiv.o(.text)
    __aeabi_uldivmod                         0x080003a9   Thumb Code    98  uldiv.o(.text)
    __I$use$fp                               0x0800040b   Thumb Code     0  iusefp.o(.text)
    _double_round                            0x0800040b   Thumb Code    30  depilogue.o(.text)
    _double_epilogue                         0x08000429   Thumb Code   156  depilogue.o(.text)
    __aeabi_dadd                             0x080004c5   Thumb Code   322  dadd.o(.text)
    __aeabi_dsub                             0x08000607   Thumb Code     6  dadd.o(.text)
    __aeabi_drsub                            0x0800060d   Thumb Code     6  dadd.o(.text)
    __aeabi_dmul                             0x08000613   Thumb Code   228  dmul.o(.text)
    __aeabi_d2ulz                            0x080006f7   Thumb Code    48  dfixul.o(.text)
    __aeabi_cdrcmple                         0x08000729   Thumb Code    48  cdrcmple.o(.text)
    __scatterload                            0x08000759   Thumb Code    28  init.o(.text)
    __scatterload_rt2                        0x08000759   Thumb Code     0  init.o(.text)
    __aeabi_llsl                             0x0800077d   Thumb Code    30  llshl.o(.text)
    _ll_shift_l                              0x0800077d   Thumb Code     0  llshl.o(.text)
    __aeabi_llsr                             0x0800079b   Thumb Code    32  llushr.o(.text)
    _ll_ushift_r                             0x0800079b   Thumb Code     0  llushr.o(.text)
    __aeabi_lasr                             0x080007bb   Thumb Code    36  llsshr.o(.text)
    _ll_sshift_r                             0x080007bb   Thumb Code     0  llsshr.o(.text)
    __decompress                             0x080007df   Thumb Code     0  __dczerorl2.o(.text)
    __decompress1                            0x080007df   Thumb Code    86  __dczerorl2.o(.text)
    HardFault_Handler                        0x08000835   Thumb Code     0  hardfaulthandler.o(OSKERNEL)
    BusFault_Handler                         0x08000847   Thumb Code     4  stm32f4xx_it.o(i.BusFault_Handler)
    DHTxx_Get_Data                           0x08000881   Thumb Code   162  bsp_dhtxx.o(i.DHTxx_Get_Data)
    DebugMon_Handler                         0x08000931   Thumb Code     2  stm32f4xx_it.o(i.DebugMon_Handler)
    EventRecord2                             0x08000999   Thumb Code    70  eventrecorder.o(i.EventRecord2)
    EventRecordData                          0x080009df   Thumb Code   278  eventrecorder.o(i.EventRecordData)
    EventRecorderEnable                      0x08000bcd   Thumb Code    88  eventrecorder.o(i.EventRecorderEnable)
    EventRecorderInitialize                  0x08000c29   Thumb Code   270  eventrecorder.o(i.EventRecorderInitialize)
    EventRecorderStart                       0x08000d51   Thumb Code    40  eventrecorder.o(i.EventRecorderStart)
    EventRecorderTimerGetCount               0x08000d81   Thumb Code     6  eventrecorder.o(i.EventRecorderTimerGetCount)
    EventRecorderTimerGetFreq                0x08000d8d   Thumb Code     6  eventrecorder.o(i.EventRecorderTimerGetFreq)
    EventRecorderTimerSetup                  0x08000d99   Thumb Code    28  eventrecorder.o(i.EventRecorderTimerSetup)
    GPIO_Init                                0x08000dbd   Thumb Code   144  stm32f4xx_gpio.o(i.GPIO_Init)
    GPIO_ResetBits                           0x08000e4d   Thumb Code     4  stm32f4xx_gpio.o(i.GPIO_ResetBits)
    GPIO_SetBits                             0x08000e51   Thumb Code     4  stm32f4xx_gpio.o(i.GPIO_SetBits)
    HardFaultHandler                         0x08000e65   Thumb Code   166  segger_hardfaulthandler.o(i.HardFaultHandler)
    MemManage_Handler                        0x08000f55   Thumb Code     4  stm32f4xx_it.o(i.MemManage_Handler)
    NMI_Handler                              0x08000f59   Thumb Code     2  stm32f4xx_it.o(i.NMI_Handler)
    NVIC_Init                                0x08000f5d   Thumb Code   106  misc.o(i.NVIC_Init)
    OLED_Clear                               0x08000fd5   Thumb Code    42  bsp_oled.o(i.OLED_Clear)
    OLED_Init                                0x08001089   Thumb Code   286  bsp_oled.o(i.OLED_Init)
    OLED_Refresh_Gram                        0x080011ad   Thumb Code    68  bsp_oled.o(i.OLED_Refresh_Gram)
    OLED_Set_Pos                             0x080011f5   Thumb Code    40  bsp_oled.o(i.OLED_Set_Pos)
    OLED_ShowChar                            0x0800121d   Thumb Code   264  bsp_oled.o(i.OLED_ShowChar)
    OLED_ShowString                          0x08001339   Thumb Code   182  bsp_oled.o(i.OLED_ShowString)
    OLED_WR_Byte                             0x080013ef   Thumb Code    24  bsp_oled.o(i.OLED_WR_Byte)
    PendSV_Handler                           0x08001407   Thumb Code     2  stm32f4xx_it.o(i.PendSV_Handler)
    RCC_AHB1PeriphClockCmd                   0x08001409   Thumb Code    26  stm32f4xx_rcc.o(i.RCC_AHB1PeriphClockCmd)
    RCC_APB1PeriphClockCmd                   0x08001429   Thumb Code    26  stm32f4xx_rcc.o(i.RCC_APB1PeriphClockCmd)
    SVC_Handler                              0x08001449   Thumb Code     2  stm32f4xx_it.o(i.SVC_Handler)
    SysTick_CLKSourceConfig                  0x08001539   Thumb Code    40  misc.o(i.SysTick_CLKSourceConfig)
    SysTick_Handler                          0x08001561   Thumb Code     2  stm32f4xx_it.o(i.SysTick_Handler)
    SystemInit                               0x08001565   Thumb Code    88  system_stm32f4xx.o(i.SystemInit)
    TIM3_IRQHandler                          0x080015cd   Thumb Code   166  bsp_timer.o(i.TIM3_IRQHandler)
    TIM3_Int_Init                            0x080016a1   Thumb Code    88  bsp_timer.o(i.TIM3_Int_Init)
    TIM4_IRQHandler                          0x080016fd   Thumb Code    46  usmart.o(i.TIM4_IRQHandler)
    TIM_ClearFlag                            0x08001735   Thumb Code     6  stm32f4xx_tim.o(i.TIM_ClearFlag)
    TIM_ClearITPendingBit                    0x0800173b   Thumb Code     6  stm32f4xx_tim.o(i.TIM_ClearITPendingBit)
    TIM_Cmd                                  0x08001741   Thumb Code    24  stm32f4xx_tim.o(i.TIM_Cmd)
    TIM_GetCounter                           0x08001759   Thumb Code     6  stm32f4xx_tim.o(i.TIM_GetCounter)
    TIM_GetFlagStatus                        0x0800175f   Thumb Code    18  stm32f4xx_tim.o(i.TIM_GetFlagStatus)
    TIM_GetITStatus                          0x08001771   Thumb Code    34  stm32f4xx_tim.o(i.TIM_GetITStatus)
    TIM_ITConfig                             0x08001793   Thumb Code    18  stm32f4xx_tim.o(i.TIM_ITConfig)
    TIM_SetAutoreload                        0x080017a5   Thumb Code     4  stm32f4xx_tim.o(i.TIM_SetAutoreload)
    TIM_SetCounter                           0x080017a9   Thumb Code     4  stm32f4xx_tim.o(i.TIM_SetCounter)
    TIM_TimeBaseInit                         0x080017ad   Thumb Code   104  stm32f4xx_tim.o(i.TIM_TimeBaseInit)
    Timer4_Init                              0x08001831   Thumb Code    86  usmart.o(i.Timer4_Init)
    USART1_IRQHandler                        0x0800188d   Thumb Code   122  usart.o(i.USART1_IRQHandler)
    USART_GetITStatus                        0x08001915   Thumb Code    84  stm32f4xx_usart.o(i.USART_GetITStatus)
    USART_ReceiveData                        0x08001969   Thumb Code    10  stm32f4xx_usart.o(i.USART_ReceiveData)
    UsageFault_Handler                       0x08001973   Thumb Code     4  stm32f4xx_it.o(i.UsageFault_Handler)
    __0printf                                0x08001a35   Thumb Code    22  printfa.o(i.__0printf)
    __1printf                                0x08001a35   Thumb Code     0  printfa.o(i.__0printf)
    __2printf                                0x08001a35   Thumb Code     0  printfa.o(i.__0printf)
    __c89printf                              0x08001a35   Thumb Code     0  printfa.o(i.__0printf)
    printf                                   0x08001a35   Thumb Code     0  printfa.o(i.__0printf)
    __0sprintf                               0x08001a55   Thumb Code    34  printfa.o(i.__0sprintf)
    __1sprintf                               0x08001a55   Thumb Code     0  printfa.o(i.__0sprintf)
    __2sprintf                               0x08001a55   Thumb Code     0  printfa.o(i.__0sprintf)
    __c89sprintf                             0x08001a55   Thumb Code     0  printfa.o(i.__0sprintf)
    sprintf                                  0x08001a55   Thumb Code     0  printfa.o(i.__0sprintf)
    __scatterload_copy                       0x08001a7d   Thumb Code    14  handlers.o(i.__scatterload_copy)
    __scatterload_null                       0x08001a8b   Thumb Code     2  handlers.o(i.__scatterload_null)
    __scatterload_zeroinit                   0x08001a8d   Thumb Code    14  handlers.o(i.__scatterload_zeroinit)
    bspBeepEnable                            0x08002359   Thumb Code    12  bsp_buzzer.o(i.bspBeepEnable)
    bspBeepHandler                           0x08002369   Thumb Code    82  bsp_buzzer.o(i.bspBeepHandler)
    bspBuzzerFlash                           0x080023c5   Thumb Code    18  bsp_buzzer.o(i.bspBuzzerFlash)
    bspBuzzerFreq                            0x080023dd   Thumb Code     8  bsp_buzzer.o(i.bspBuzzerFreq)
    bspBuzzerInit                            0x080023e9   Thumb Code    54  bsp_buzzer.o(i.bspBuzzerInit)
    bspInit                                  0x08002425   Thumb Code    62  bsp.o(i.bspInit)
    bspLedFlash                              0x08002465   Thumb Code    26  bsp_led.o(i.bspLedFlash)
    bspLedInit                               0x08002489   Thumb Code    72  bsp_led.o(i.bspLedInit)
    bsp_sgp30_io_init                        0x08002545   Thumb Code    60  bsp_sgp30.o(i.bsp_sgp30_io_init)
    bsp_sgp30_test                           0x080025f1   Thumb Code    96  bsp_sgp30.o(i.bsp_sgp30_test)
    crc8                                     0x0800269f   Thumb Code   102  crc.o(i.crc8)
    delay_init                               0x08002705   Thumb Code    52  delay.o(i.delay_init)
    delay_ms                                 0x08002741   Thumb Code    56  delay.o(i.delay_ms)
    delay_us                                 0x08002779   Thumb Code    72  delay.o(i.delay_us)
    delay_xms                                0x080027c5   Thumb Code    72  delay.o(i.delay_xms)
    fputc                                    0x08002811   Thumb Code    26  retarget_io.o(i.fputc)
    main                                     0x08002831   Thumb Code   354  main.o(i.main)
    read_addr                                0x08002a11   Thumb Code     6  usmart.o(i.read_addr)
    swi2cAck                                 0x08002a8d   Thumb Code    62  bsp_swi2c.o(i.swi2cAck)
    swi2cReceiveByte                         0x08002acb   Thumb Code    78  bsp_swi2c.o(i.swi2cReceiveByte)
    swi2cSendByte                            0x08002b19   Thumb Code    64  bsp_swi2c.o(i.swi2cSendByte)
    swi2cStart                               0x08002b59   Thumb Code    50  bsp_swi2c.o(i.swi2cStart)
    swi2cStop                                0x08002b8b   Thumb Code    38  bsp_swi2c.o(i.swi2cStop)
    swi2cWaitAck                             0x08002bb1   Thumb Code    70  bsp_swi2c.o(i.swi2cWaitAck)
    usmart_cmd_rec                           0x08002cbd   Thumb Code   170  usmart.o(i.usmart_cmd_rec)
    usmart_exe                               0x08002d6d   Thumb Code   632  usmart.o(i.usmart_exe)
    usmart_get_aparm                         0x08003041   Thumb Code   200  usmart_str.o(i.usmart_get_aparm)
    usmart_get_cmdname                       0x08003109   Thumb Code    54  usmart_str.o(i.usmart_get_cmdname)
    usmart_get_fname                         0x08003141   Thumb Code   440  usmart_str.o(i.usmart_get_fname)
    usmart_get_fparam                        0x08003301   Thumb Code   262  usmart_str.o(i.usmart_get_fparam)
    usmart_get_parmpos                       0x0800340d   Thumb Code    26  usmart_str.o(i.usmart_get_parmpos)
    usmart_get_runtime                       0x0800342d   Thumb Code    60  usmart.o(i.usmart_get_runtime)
    usmart_init                              0x08003471   Thumb Code    36  usmart.o(i.usmart_init)
    usmart_pow                               0x08003499   Thumb Code    22  usmart_str.o(i.usmart_pow)
    usmart_reset_runtime                     0x080034b1   Thumb Code    38  usmart.o(i.usmart_reset_runtime)
    usmart_scan                              0x080034e1   Thumb Code   120  usmart.o(i.usmart_scan)
    usmart_search_nextc                      0x0800359d   Thumb Code    22  usmart_str.o(i.usmart_search_nextc)
    usmart_str2num                           0x080035b3   Thumb Code   202  usmart_str.o(i.usmart_str2num)
    usmart_strcmp                            0x0800367d   Thumb Code    34  usmart_str.o(i.usmart_strcmp)
    usmart_strcopy                           0x0800369f   Thumb Code    22  usmart_str.o(i.usmart_strcopy)
    usmart_strlen                            0x080036b5   Thumb Code    24  usmart_str.o(i.usmart_strlen)
    usmart_sys_cmd_exe                       0x080036cd   Thumb Code  1554  usmart.o(i.usmart_sys_cmd_exe)
    vDhtxx_Init                              0x08003de1   Thumb Code     8  bsp_dhtxx.o(i.vDhtxx_Init)
    write_addr                               0x08003e1d   Thumb Code     4  usmart.o(i.write_addr)
    asc2_0804                                0x08003e20   Data         380  bsp_oled.o(.constdata)
    asc2_0808                                0x08003f9c   Data         760  bsp_oled.o(.constdata)
    asc2_1206                                0x08004294   Data        1164  bsp_oled.o(.constdata)
    asc2_1608                                0x08004720   Data        1552  bsp_oled.o(.constdata)
    asc2_2412                                0x08004d30   Data        3492  bsp_oled.o(.constdata)
    EventRecorderInfo                        0x08005ad4   Data          24  eventrecorder.o(.constdata)
    Region$$Table$$Base                      0x08005b80   Number         0  anon$$obj.o(Region$$Table)
    Region$$Table$$Limit                     0x08005ba0   Number         0  anon$$obj.o(Region$$Table)
    g_ucStateFlag                            0x20000000   Data           1  main.o(.data)
    SystemCoreClock                          0x20000004   Data           4  system_stm32f4xx.o(.data)
    AHBPrescTable                            0x20000008   Data          16  system_stm32f4xx.o(.data)
    g_dhtxx_table                            0x20000018   Data           5  bsp_dhtxx.o(.data)
    g_usDht22Timeout                         0x2000001e   Data           2  bsp_timer.o(.data)
    g_usLedTimeout                           0x20000020   Data           2  bsp_timer.o(.data)
    g_usOledTimeout                          0x20000022   Data           2  bsp_timer.o(.data)
    t_sgp30_swi2c                            0x20000024   Data          20  bsp_sgp30.o(.data)
    g_sgp30_crc8                             0x20000038   Data           5  bsp_sgp30.o(.data)
    g_ucTable                                0x2000003d   Data           6  bsp_sgp30.o(.data)
    USART_RX_STA                             0x20000048   Data           2  usart.o(.data)
    sys_cmd_tab                              0x20000050   Data          28  usmart.o(.data)
    usmart_nametab                           0x2000006c   Data          32  usmart_config.o(.data)
    usmart_dev                               0x2000008c   Data         244  usmart_config.o(.data)
    __stdout                                 0x2000018c   Data           4  stdout.o(.data)
    g_uctStr                                 0x20000190   Data          17  main.o(.bss)
    tBuzzer                                  0x200001a2   Data          10  bsp_buzzer.o(.bss)
    OLED_GRAM                                0x200001ac   Data        1024  bsp_oled.o(.bss)
    USART_RX_BUF                             0x200005ac   Data         200  usart.o(.bss)
    __initial_sp                             0x20000f68   Data           0  startup_stm32f40_41xxx.o(STACK)



==============================================================================

Memory Map of the image

  Image Entry point : 0x08000189

  Load Region LR_IROM1 (Base: 0x08000000, Size: 0x00005d30, Max: 0x00080000, ABSOLUTE, COMPRESSED[0x00005c10])

    Execution Region ER_IROM1 (Exec base: 0x08000000, Load base: 0x08000000, Size: 0x00005ba0, Max: 0x00080000, ABSOLUTE)

    Exec Addr    Load Addr    Size         Type   Attr      Idx    E Section Name        Object

    0x08000000   0x08000000   0x00000188   Data   RO          963    RESET               startup_stm32f40_41xxx.o
    0x08000188   0x08000188   0x00000000   Code   RO         2904  * .ARM.Collect$$$$00000000  mc_w.l(entry.o)
    0x08000188   0x08000188   0x00000004   Code   RO         3184    .ARM.Collect$$$$00000001  mc_w.l(entry2.o)
    0x0800018c   0x0800018c   0x00000004   Code   RO         3187    .ARM.Collect$$$$00000004  mc_w.l(entry5.o)
    0x08000190   0x08000190   0x00000000   Code   RO         3189    .ARM.Collect$$$$00000008  mc_w.l(entry7b.o)
    0x08000190   0x08000190   0x00000000   Code   RO         3191    .ARM.Collect$$$$0000000A  mc_w.l(entry8b.o)
    0x08000190   0x08000190   0x00000008   Code   RO         3192    .ARM.Collect$$$$0000000B  mc_w.l(entry9a.o)
    0x08000198   0x08000198   0x00000000   Code   RO         3194    .ARM.Collect$$$$0000000D  mc_w.l(entry10a.o)
    0x08000198   0x08000198   0x00000000   Code   RO         3196    .ARM.Collect$$$$0000000F  mc_w.l(entry11a.o)
    0x08000198   0x08000198   0x00000004   Code   RO         3185    .ARM.Collect$$$$00002712  mc_w.l(entry2.o)
    0x0800019c   0x0800019c   0x00000074   Code   RO         2722    .emb_text           eventrecorder.o
    0x08000210   0x08000210   0x00000024   Code   RO          964    .text               startup_stm32f40_41xxx.o
    0x08000234   0x08000234   0x00000024   Code   RO         2913    .text               mc_w.l(memcpya.o)
    0x08000258   0x08000258   0x00000024   Code   RO         2915    .text               mc_w.l(memseta.o)
    0x0800027c   0x0800027c   0x000000de   Code   RO         3180    .text               mf_w.l(ddiv.o)
    0x0800035a   0x0800035a   0x00000022   Code   RO         3182    .text               mf_w.l(dflti.o)
    0x0800037c   0x0800037c   0x0000002c   Code   RO         3198    .text               mc_w.l(uidiv.o)
    0x080003a8   0x080003a8   0x00000062   Code   RO         3200    .text               mc_w.l(uldiv.o)
    0x0800040a   0x0800040a   0x00000000   Code   RO         3202    .text               mc_w.l(iusefp.o)
    0x0800040a   0x0800040a   0x000000ba   Code   RO         3203    .text               mf_w.l(depilogue.o)
    0x080004c4   0x080004c4   0x0000014e   Code   RO         3205    .text               mf_w.l(dadd.o)
    0x08000612   0x08000612   0x000000e4   Code   RO         3207    .text               mf_w.l(dmul.o)
    0x080006f6   0x080006f6   0x00000030   Code   RO         3209    .text               mf_w.l(dfixul.o)
    0x08000726   0x08000726   0x00000002   PAD
    0x08000728   0x08000728   0x00000030   Code   RO         3211    .text               mf_w.l(cdrcmple.o)
    0x08000758   0x08000758   0x00000024   Code   RO         3213    .text               mc_w.l(init.o)
    0x0800077c   0x0800077c   0x0000001e   Code   RO         3215    .text               mc_w.l(llshl.o)
    0x0800079a   0x0800079a   0x00000020   Code   RO         3217    .text               mc_w.l(llushr.o)
    0x080007ba   0x080007ba   0x00000024   Code   RO         3219    .text               mc_w.l(llsshr.o)
    0x080007de   0x080007de   0x00000056   Code   RO         3229    .text               mc_w.l(__dczerorl2.o)
    0x08000834   0x08000834   0x00000012   Code   RO         2492    OSKERNEL            hardfaulthandler.o
    0x08000846   0x08000846   0x00000004   Code   RO          183    i.BusFault_Handler  stm32f4xx_it.o
    0x0800084a   0x0800084a   0x00000034   Code   RO          331    i.DHTxx_Action      bsp_dhtxx.o
    0x0800087e   0x0800087e   0x00000002   PAD
    0x08000880   0x08000880   0x000000b0   Code   RO          332    i.DHTxx_Get_Data    bsp_dhtxx.o
    0x08000930   0x08000930   0x00000002   Code   RO          184    i.DebugMon_Handler  stm32f4xx_it.o
    0x08000932   0x08000932   0x00000002   PAD
    0x08000934   0x08000934   0x00000028   Code   RO         2723    i.EventCheckFilter  eventrecorder.o
    0x0800095c   0x0800095c   0x0000003c   Code   RO         2724    i.EventGetTS        eventrecorder.o
    0x08000998   0x08000998   0x00000046   Code   RO         2725    i.EventRecord2      eventrecorder.o
    0x080009de   0x080009de   0x00000116   Code   RO         2727    i.EventRecordData   eventrecorder.o
    0x08000af4   0x08000af4   0x000000d8   Code   RO         2728    i.EventRecordItem   eventrecorder.o
    0x08000bcc   0x08000bcc   0x0000005c   Code   RO         2731    i.EventRecorderEnable  eventrecorder.o
    0x08000c28   0x08000c28   0x00000128   Code   RO         2732    i.EventRecorderInitialize  eventrecorder.o
    0x08000d50   0x08000d50   0x00000030   Code   RO         2733    i.EventRecorderStart  eventrecorder.o
    0x08000d80   0x08000d80   0x0000000c   Code   RO         2735    i.EventRecorderTimerGetCount  eventrecorder.o
    0x08000d8c   0x08000d8c   0x0000000c   Code   RO         2736    i.EventRecorderTimerGetFreq  eventrecorder.o
    0x08000d98   0x08000d98   0x00000024   Code   RO         2737    i.EventRecorderTimerSetup  eventrecorder.o
    0x08000dbc   0x08000dbc   0x00000090   Code   RO         1015    i.GPIO_Init         stm32f4xx_gpio.o
    0x08000e4c   0x08000e4c   0x00000004   Code   RO         1022    i.GPIO_ResetBits    stm32f4xx_gpio.o
    0x08000e50   0x08000e50   0x00000004   Code   RO         1023    i.GPIO_SetBits      stm32f4xx_gpio.o
    0x08000e54   0x08000e54   0x00000010   Code   RO         2738    i.GetContext        eventrecorder.o
    0x08000e64   0x08000e64   0x000000b4   Code   RO         2497    i.HardFaultHandler  segger_hardfaulthandler.o
    0x08000f18   0x08000f18   0x0000003c   Code   RO          333    i.Io_Init           bsp_dhtxx.o
    0x08000f54   0x08000f54   0x00000004   Code   RO          185    i.MemManage_Handler  stm32f4xx_it.o
    0x08000f58   0x08000f58   0x00000002   Code   RO          186    i.NMI_Handler       stm32f4xx_it.o
    0x08000f5a   0x08000f5a   0x00000002   PAD
    0x08000f5c   0x08000f5c   0x00000078   Code   RO          970    i.NVIC_Init         misc.o
    0x08000fd4   0x08000fd4   0x00000030   Code   RO          514    i.OLED_Clear        bsp_oled.o
    0x08001004   0x08001004   0x00000038   Code   RO          521    i.OLED_IIC_Start    bsp_oled.o
    0x0800103c   0x0800103c   0x0000002c   Code   RO          522    i.OLED_IIC_Stop     bsp_oled.o
    0x08001068   0x08001068   0x00000020   Code   RO          523    i.OLED_IIC_Wait_Ack  bsp_oled.o
    0x08001088   0x08001088   0x00000124   Code   RO          524    i.OLED_Init         bsp_oled.o
    0x080011ac   0x080011ac   0x00000048   Code   RO          526    i.OLED_Refresh_Gram  bsp_oled.o
    0x080011f4   0x080011f4   0x00000028   Code   RO          527    i.OLED_Set_Pos      bsp_oled.o
    0x0800121c   0x0800121c   0x0000011c   Code   RO          528    i.OLED_ShowChar     bsp_oled.o
    0x08001338   0x08001338   0x000000b6   Code   RO          530    i.OLED_ShowString   bsp_oled.o
    0x080013ee   0x080013ee   0x00000018   Code   RO          532    i.OLED_WR_Byte      bsp_oled.o
    0x08001406   0x08001406   0x00000002   Code   RO          187    i.PendSV_Handler    stm32f4xx_it.o
    0x08001408   0x08001408   0x00000020   Code   RO         1112    i.RCC_AHB1PeriphClockCmd  stm32f4xx_rcc.o
    0x08001428   0x08001428   0x00000020   Code   RO         1121    i.RCC_APB1PeriphClockCmd  stm32f4xx_rcc.o
    0x08001448   0x08001448   0x00000002   Code   RO          188    i.SVC_Handler       stm32f4xx_it.o
    0x0800144a   0x0800144a   0x00000002   PAD
    0x0800144c   0x0800144c   0x000000ec   Code   RO          274    i.SetSysClock       system_stm32f4xx.o
    0x08001538   0x08001538   0x00000028   Code   RO          974    i.SysTick_CLKSourceConfig  misc.o
    0x08001560   0x08001560   0x00000002   Code   RO          189    i.SysTick_Handler   stm32f4xx_it.o
    0x08001562   0x08001562   0x00000002   PAD
    0x08001564   0x08001564   0x00000068   Code   RO          276    i.SystemInit        system_stm32f4xx.o
    0x080015cc   0x080015cc   0x000000d4   Code   RO          677    i.TIM3_IRQHandler   bsp_timer.o
    0x080016a0   0x080016a0   0x0000005c   Code   RO          678    i.TIM3_Int_Init     bsp_timer.o
    0x080016fc   0x080016fc   0x00000038   Code   RO         2523    i.TIM4_IRQHandler   usmart.o
    0x08001734   0x08001734   0x00000006   Code   RO         1942    i.TIM_ClearFlag     stm32f4xx_tim.o
    0x0800173a   0x0800173a   0x00000006   Code   RO         1943    i.TIM_ClearITPendingBit  stm32f4xx_tim.o
    0x08001740   0x08001740   0x00000018   Code   RO         1948    i.TIM_Cmd           stm32f4xx_tim.o
    0x08001758   0x08001758   0x00000006   Code   RO         1967    i.TIM_GetCounter    stm32f4xx_tim.o
    0x0800175e   0x0800175e   0x00000012   Code   RO         1968    i.TIM_GetFlagStatus  stm32f4xx_tim.o
    0x08001770   0x08001770   0x00000022   Code   RO         1969    i.TIM_GetITStatus   stm32f4xx_tim.o
    0x08001792   0x08001792   0x00000012   Code   RO         1973    i.TIM_ITConfig      stm32f4xx_tim.o
    0x080017a4   0x080017a4   0x00000004   Code   RO         2008    i.TIM_SetAutoreload  stm32f4xx_tim.o
    0x080017a8   0x080017a8   0x00000004   Code   RO         2014    i.TIM_SetCounter    stm32f4xx_tim.o
    0x080017ac   0x080017ac   0x00000084   Code   RO         2020    i.TIM_TimeBaseInit  stm32f4xx_tim.o
    0x08001830   0x08001830   0x0000005c   Code   RO         2524    i.Timer4_Init       usmart.o
    0x0800188c   0x0800188c   0x00000088   Code   RO          930    i.USART1_IRQHandler  usart.o
    0x08001914   0x08001914   0x00000054   Code   RO         1510    i.USART_GetITStatus  stm32f4xx_usart.o
    0x08001968   0x08001968   0x0000000a   Code   RO         1520    i.USART_ReceiveData  stm32f4xx_usart.o
    0x08001972   0x08001972   0x00000004   Code   RO          190    i.UsageFault_Handler  stm32f4xx_it.o
    0x08001976   0x08001976   0x00000002   PAD
    0x08001978   0x08001978   0x00000064   Code   RO          533    i.Write_IIC_Byte    bsp_oled.o
    0x080019dc   0x080019dc   0x0000002c   Code   RO          534    i.Write_IIC_Command  bsp_oled.o
    0x08001a08   0x08001a08   0x0000002c   Code   RO          535    i.Write_IIC_Data    bsp_oled.o
    0x08001a34   0x08001a34   0x00000020   Code   RO         3152    i.__0printf         mc_w.l(printfa.o)
    0x08001a54   0x08001a54   0x00000028   Code   RO         3154    i.__0sprintf        mc_w.l(printfa.o)
    0x08001a7c   0x08001a7c   0x0000000e   Code   RO         3223    i.__scatterload_copy  mc_w.l(handlers.o)
    0x08001a8a   0x08001a8a   0x00000002   Code   RO         3224    i.__scatterload_null  mc_w.l(handlers.o)
    0x08001a8c   0x08001a8c   0x0000000e   Code   RO         3225    i.__scatterload_zeroinit  mc_w.l(handlers.o)
    0x08001a9a   0x08001a9a   0x00000002   PAD
    0x08001a9c   0x08001a9c   0x00000184   Code   RO         3159    i._fp_digits        mc_w.l(printfa.o)
    0x08001c20   0x08001c20   0x000006dc   Code   RO         3160    i._printf_core      mc_w.l(printfa.o)
    0x080022fc   0x080022fc   0x00000024   Code   RO         3161    i._printf_post_padding  mc_w.l(printfa.o)
    0x08002320   0x08002320   0x0000002e   Code   RO         3162    i._printf_pre_padding  mc_w.l(printfa.o)
    0x0800234e   0x0800234e   0x0000000a   Code   RO         3164    i._sputc            mc_w.l(printfa.o)
    0x08002358   0x08002358   0x00000010   Code   RO          435    i.bspBeepEnable     bsp_buzzer.o
    0x08002368   0x08002368   0x0000005c   Code   RO          436    i.bspBeepHandler    bsp_buzzer.o
    0x080023c4   0x080023c4   0x00000018   Code   RO          437    i.bspBuzzerFlash    bsp_buzzer.o
    0x080023dc   0x080023dc   0x0000000c   Code   RO          438    i.bspBuzzerFreq     bsp_buzzer.o
    0x080023e8   0x080023e8   0x0000003c   Code   RO          439    i.bspBuzzerInit     bsp_buzzer.o
    0x08002424   0x08002424   0x0000003e   Code   RO          311    i.bspInit           bsp.o
    0x08002462   0x08002462   0x00000002   PAD
    0x08002464   0x08002464   0x00000024   Code   RO          487    i.bspLedFlash       bsp_led.o
    0x08002488   0x08002488   0x00000050   Code   RO          488    i.bspLedInit        bsp_led.o
    0x080024d8   0x080024d8   0x0000002c   Code   RO          757    i.bsp_sgp30_comm    bsp_sgp30.o
    0x08002504   0x08002504   0x00000028   Code   RO          758    i.bsp_sgp30_header  bsp_sgp30.o
    0x0800252c   0x0800252c   0x00000018   Code   RO          760    i.bsp_sgp30_in      bsp_sgp30.o
    0x08002544   0x08002544   0x00000040   Code   RO          761    i.bsp_sgp30_io_init  bsp_sgp30.o
    0x08002584   0x08002584   0x0000001c   Code   RO          762    i.bsp_sgp30_out     bsp_sgp30.o
    0x080025a0   0x080025a0   0x00000034   Code   RO          763    i.bsp_sgp30_read_data  bsp_sgp30.o
    0x080025d4   0x080025d4   0x0000001c   Code   RO          764    i.bsp_sgp30_sensor_init  bsp_sgp30.o
    0x080025f0   0x080025f0   0x0000006c   Code   RO          765    i.bsp_sgp30_test    bsp_sgp30.o
    0x0800265c   0x0800265c   0x00000042   Code   RO         2739    i.crc16_ccitt       eventrecorder.o
    0x0800269e   0x0800269e   0x00000066   Code   RO          827    i.crc8              crc.o
    0x08002704   0x08002704   0x0000003c   Code   RO          872    i.delay_init        delay.o
    0x08002740   0x08002740   0x00000038   Code   RO          873    i.delay_ms          delay.o
    0x08002778   0x08002778   0x0000004c   Code   RO          874    i.delay_us          delay.o
    0x080027c4   0x080027c4   0x0000004c   Code   RO          875    i.delay_xms         delay.o
    0x08002810   0x08002810   0x00000020   Code   RO         2852    i.fputc             retarget_io.o
    0x08002830   0x08002830   0x000001e0   Code   RO            3    i.main              main.o
    0x08002a10   0x08002a10   0x00000006   Code   RO         2525    i.read_addr         usmart.o
    0x08002a16   0x08002a16   0x00000026   Code   RO          830    i.reverse8          crc.o
    0x08002a3c   0x08002a3c   0x00000050   Code   RO         2853    i.stdout_putchar    retarget_io.o
    0x08002a8c   0x08002a8c   0x0000003e   Code   RO          707    i.swi2cAck          bsp_swi2c.o
    0x08002aca   0x08002aca   0x0000004e   Code   RO          708    i.swi2cReceiveByte  bsp_swi2c.o
    0x08002b18   0x08002b18   0x00000040   Code   RO          709    i.swi2cSendByte     bsp_swi2c.o
    0x08002b58   0x08002b58   0x00000032   Code   RO          710    i.swi2cStart        bsp_swi2c.o
    0x08002b8a   0x08002b8a   0x00000026   Code   RO          711    i.swi2cStop         bsp_swi2c.o
    0x08002bb0   0x08002bb0   0x00000046   Code   RO          712    i.swi2cWaitAck      bsp_swi2c.o
    0x08002bf6   0x08002bf6   0x00000002   PAD
    0x08002bf8   0x08002bf8   0x00000048   Code   RO          334    i.uDHTxx_Answer     bsp_dhtxx.o
    0x08002c40   0x08002c40   0x0000007c   Code   RO          335    i.uRead_Byte        bsp_dhtxx.o
    0x08002cbc   0x08002cbc   0x000000b0   Code   RO         2526    i.usmart_cmd_rec    usmart.o
    0x08002d6c   0x08002d6c   0x000002d4   Code   RO         2527    i.usmart_exe        usmart.o
    0x08003040   0x08003040   0x000000c8   Code   RO         2642    i.usmart_get_aparm  usmart_str.o
    0x08003108   0x08003108   0x00000036   Code   RO         2643    i.usmart_get_cmdname  usmart_str.o
    0x0800313e   0x0800313e   0x00000002   PAD
    0x08003140   0x08003140   0x000001c0   Code   RO         2644    i.usmart_get_fname  usmart_str.o
    0x08003300   0x08003300   0x0000010c   Code   RO         2645    i.usmart_get_fparam  usmart_str.o
    0x0800340c   0x0800340c   0x00000020   Code   RO         2646    i.usmart_get_parmpos  usmart_str.o
    0x0800342c   0x0800342c   0x00000044   Code   RO         2528    i.usmart_get_runtime  usmart.o
    0x08003470   0x08003470   0x00000028   Code   RO         2529    i.usmart_init       usmart.o
    0x08003498   0x08003498   0x00000016   Code   RO         2647    i.usmart_pow        usmart_str.o
    0x080034ae   0x080034ae   0x00000002   PAD
    0x080034b0   0x080034b0   0x00000030   Code   RO         2530    i.usmart_reset_runtime  usmart.o
    0x080034e0   0x080034e0   0x000000bc   Code   RO         2531    i.usmart_scan       usmart.o
    0x0800359c   0x0800359c   0x00000016   Code   RO         2648    i.usmart_search_nextc  usmart_str.o
    0x080035b2   0x080035b2   0x000000ca   Code   RO         2649    i.usmart_str2num    usmart_str.o
    0x0800367c   0x0800367c   0x00000022   Code   RO         2650    i.usmart_strcmp     usmart_str.o
    0x0800369e   0x0800369e   0x00000016   Code   RO         2651    i.usmart_strcopy    usmart_str.o
    0x080036b4   0x080036b4   0x00000018   Code   RO         2652    i.usmart_strlen     usmart_str.o
    0x080036cc   0x080036cc   0x000006e4   Code   RO         2532    i.usmart_sys_cmd_exe  usmart.o
    0x08003db0   0x08003db0   0x00000030   Code   RO          336    i.vDHTxx_Start      bsp_dhtxx.o
    0x08003de0   0x08003de0   0x00000008   Code   RO          337    i.vDhtxx_Init       bsp_dhtxx.o
    0x08003de8   0x08003de8   0x00000034   Code   RO          339    i.vSetIoState       bsp_dhtxx.o
    0x08003e1c   0x08003e1c   0x00000004   Code   RO         2533    i.write_addr        usmart.o
    0x08003e20   0x08003e20   0x00001cb4   Data   RO          539    .constdata          bsp_oled.o
    0x08005ad4   0x08005ad4   0x00000018   Data   RO         2741    .constdata          eventrecorder.o
    0x08005aec   0x08005aec   0x00000028   Data   RO         2534    .conststring        usmart.o
    0x08005b14   0x08005b14   0x0000006b   Data   RO         2614    .conststring        usmart_config.o
    0x08005b7f   0x08005b7f   0x00000001   PAD
    0x08005b80   0x08005b80   0x00000020   Data   RO         3221    Region$$Table       anon$$obj.o


    Execution Region RW_IRAM1 (Exec base: 0x20000000, Load base: 0x08005ba0, Size: 0x00000f68, Max: 0x00020000, ABSOLUTE, COMPRESSED[0x00000070])

    Exec Addr    Load Addr    Size         Type   Attr      Idx    E Section Name        Object

    0x20000000   COMPRESSED   0x00000001   Data   RW            5    .data               main.o
    0x20000001   COMPRESSED   0x00000003   PAD
    0x20000004   COMPRESSED   0x00000014   Data   RW          277    .data               system_stm32f4xx.o
    0x20000018   COMPRESSED   0x00000005   Data   RW          340    .data               bsp_dhtxx.o
    0x2000001d   COMPRESSED   0x00000001   Data   RW          489    .data               bsp_led.o
    0x2000001e   COMPRESSED   0x00000006   Data   RW          679    .data               bsp_timer.o
    0x20000024   COMPRESSED   0x0000001f   Data   RW          767    .data               bsp_sgp30.o
    0x20000043   COMPRESSED   0x00000001   PAD
    0x20000044   COMPRESSED   0x00000004   Data   RW          876    .data               delay.o
    0x20000048   COMPRESSED   0x00000002   Data   RW          933    .data               usart.o
    0x2000004a   COMPRESSED   0x00000002   PAD
    0x2000004c   COMPRESSED   0x00000004   Data   RW         2499    .data               segger_hardfaulthandler.o
    0x20000050   COMPRESSED   0x0000001c   Data   RW         2535    .data               usmart.o
    0x2000006c   COMPRESSED   0x00000114   Data   RW         2615    .data               usmart_config.o
    0x20000180   COMPRESSED   0x0000000c   Data   RW         2854    .data               retarget_io.o
    0x2000018c   COMPRESSED   0x00000004   Data   RW         2911    .data               mc_w.l(stdout.o)
    0x20000190        -       0x00000011   Zero   RW            4    .bss                main.o
    0x200001a1   COMPRESSED   0x00000001   PAD
    0x200001a2        -       0x0000000a   Zero   RW          440    .bss                bsp_buzzer.o
    0x200001ac        -       0x00000400   Zero   RW          538    .bss                bsp_oled.o
    0x200005ac        -       0x000000c8   Zero   RW          932    .bss                usart.o
    0x20000674        -       0x00000040   Zero   RW         2498    .bss                segger_hardfaulthandler.o
    0x200006b4   COMPRESSED   0x0000000c   PAD
    0x200006c0        -       0x000004a4   Zero   RW         2740    .bss.noinit         eventrecorder.o
    0x20000b64   COMPRESSED   0x00000004   PAD
    0x20000b68        -       0x00000400   Zero   RW          961    STACK               startup_stm32f40_41xxx.o


==============================================================================

Image component sizes


      Code (inc. data)   RO Data    RW Data    ZI Data      Debug   Object Name

        62          0          0          0          0        490   bsp.o
       204         30          0          0         10       3280   bsp_buzzer.o
       592         46          0          5          0       5239   bsp_dhtxx.o
       116         18          0          1          0       1035   bsp_led.o
      1262         58       7348          0       1024       9359   bsp_oled.o
       388         46          0         31          0       4800   bsp_sgp30.o
       362          0          0          0          0       4198   bsp_swi2c.o
       304         50          0          6          0       1624   bsp_timer.o
       140          0          0          0          0       2375   crc.o
       268         16          0          4          0       2547   delay.o
      1358         86         24          0       1188      16349   eventrecorder.o
        18          0          0          0          0        276   hardfaulthandler.o
       480        126          0          1         17     269221   main.o
       160         14          0          0          0       1558   misc.o
       112         18          0         12          0       2608   retarget_io.o
       180         14          0          4         64       3355   segger_hardfaulthandler.o
        36          8        392          0       1024        812   startup_stm32f40_41xxx.o
       152          0          0          0          0       2200   stm32f4xx_gpio.o
        22          0          0          0          0       3642   stm32f4xx_it.o
        64         12          0          0          0       1194   stm32f4xx_rcc.o
       252         28          0          0          0       6572   stm32f4xx_tim.o
        94          0          0          0          0       2004   stm32f4xx_usart.o
       340         32          0         20          0       1765   system_stm32f4xx.o
       136         14          0          2        200       1204   usart.o
      3166       1332         40         28          0       8038   usmart.o
         0          0        107        276          0       1604   usmart_config.o
      1328         20          0          0          0       8933   usmart_str.o

    ----------------------------------------------------------------------
     11616       1968       7944        396       3544     366282   Object Totals
         0          0         32          0          0          0   (incl. Generated)
        20          0          1          6         17          0   (incl. Padding)

    ----------------------------------------------------------------------

      Code (inc. data)   RO Data    RW Data    ZI Data      Debug   Library Member Name

        86          0          0          0          0          0   __dczerorl2.o
         0          0          0          0          0          0   entry.o
         0          0          0          0          0          0   entry10a.o
         0          0          0          0          0          0   entry11a.o
         8          4          0          0          0          0   entry2.o
         4          0          0          0          0          0   entry5.o
         0          0          0          0          0          0   entry7b.o
         0          0          0          0          0          0   entry8b.o
         8          4          0          0          0          0   entry9a.o
        30          0          0          0          0          0   handlers.o
        36          8          0          0          0         68   init.o
         0          0          0          0          0          0   iusefp.o
        30          0          0          0          0         68   llshl.o
        36          0          0          0          0         68   llsshr.o
        32          0          0          0          0         68   llushr.o
        36          0          0          0          0         68   memcpya.o
        36          0          0          0          0        108   memseta.o
      2308         96          0          0          0        604   printfa.o
         0          0          0          4          0          0   stdout.o
        44          0          0          0          0         80   uidiv.o
        98          0          0          0          0         92   uldiv.o
        48          0          0          0          0         68   cdrcmple.o
       334          0          0          0          0        148   dadd.o
       222          0          0          0          0        100   ddiv.o
       186          0          0          0          0        176   depilogue.o
        48          0          0          0          0         68   dfixul.o
        34          0          0          0          0         76   dflti.o
       228          0          0          0          0         96   dmul.o

    ----------------------------------------------------------------------
      3896        112          0          4          0       1956   Library Totals
         4          0          0          0          0          0   (incl. Padding)

    ----------------------------------------------------------------------

      Code (inc. data)   RO Data    RW Data    ZI Data      Debug   Library Name

      2792        112          0          4          0       1224   mc_w.l
      1100          0          0          0          0        732   mf_w.l

    ----------------------------------------------------------------------
      3896        112          0          4          0       1956   Library Totals

    ----------------------------------------------------------------------

==============================================================================


      Code (inc. data)   RO Data    RW Data    ZI Data      Debug   

     15512       2080       7944        400       3544     355882   Grand Totals
     15512       2080       7944        112       3544     355882   ELF Image Totals (compressed)
     15512       2080       7944        112          0          0   ROM Totals

==============================================================================

    Total RO  Size (Code + RO Data)                23456 (  22.91kB)
    Total RW  Size (RW Data + ZI Data)              3944 (   3.85kB)
    Total ROM Size (Code + RO Data + RW Data)      23568 (  23.02kB)

==============================================================================

